test_actual_negative_status_cannot_be_asserted_as_passing (__main__.Guards.test_actual_negative_status_cannot_be_asserted_as_passing) ... ok
test_bundle_does_not_recursively_include_itself (__main__.Guards.test_bundle_does_not_recursively_include_itself) ... ok
test_duplicate_final_qa_name_rejected (__main__.Guards.test_duplicate_final_qa_name_rejected) ... ok
test_exact_writer_never_overwrites_different_history (__main__.Guards.test_exact_writer_never_overwrites_different_history) ... ok
test_extra_evidence_tamper_rejected (__main__.Guards.test_extra_evidence_tamper_rejected) ... ok
test_final_report_tamper_rejected (__main__.Guards.test_final_report_tamper_rejected) ... ok
test_identical_mapping_reused_but_collision_rejected (__main__.Guards.test_identical_mapping_reused_but_collision_rejected) ... ok
test_missing_root_confirmation_rejected (__main__.Guards.test_missing_root_confirmation_rejected) ... ok
test_pass_label_with_nonzero_failure_count_rejected (__main__.Guards.test_pass_label_with_nonzero_failure_count_rejected) ... ok
test_png_policy_does_not_apply_to_mutable_javascript (__main__.Guards.test_png_policy_does_not_apply_to_mutable_javascript) ... ok
test_private_and_archive_paths_rejected_without_reading (__main__.Guards.test_private_and_archive_paths_rejected_without_reading) ... ok
test_root_actual_status_disagreement_rejected (__main__.Guards.test_root_actual_status_disagreement_rejected) ... ok
test_root_pinned_final_reports_are_read_without_repository_writes (__main__.Guards.test_root_pinned_final_reports_are_read_without_repository_writes) ... ok
test_source_symlink_rejected (__main__.Guards.test_source_symlink_rejected) ... ok
test_target_parent_symlink_rejected (__main__.Guards.test_target_parent_symlink_rejected) ... ok
test_target_traversal_rejected (__main__.Guards.test_target_traversal_rejected) ... ok
test_unfrozen_source_rejected (__main__.Guards.test_unfrozen_source_rejected) ... ok

----------------------------------------------------------------------
Ran 17 tests in 0.007s

OK
