✔ later configuration retains the renderer script root in albums, modules and embedded games (4.859043ms)
✔ different exact UID cannot receive another incarnation sprite (0.710633ms)
✔ all six observed fidelity checks and a source are required (0.200853ms)
✔ original-character declaration cannot replace a canon UID (0.14529ms)
✔ unapproved candidates and unsafe source paths stay procedural (0.220142ms)
✔ requested action frames use action time and clamp a non-looping action (0.281144ms)
✔ loading and failed PNG keep fallback without blocking gameplay (0.404791ms)
✔ PNG uses reviewed rectangle, baseline and image-native scaling (0.386854ms)
✔ animation starts first attack frame after a long idle period (0.422187ms)
✔ off-image crop and undeclared mirror approximation cannot render (3.60492ms)
✔ independently drawn opposite view renders without mirroring asymmetrical equipment (0.459754ms)
✔ per-incarnation move mapping selects real action frames and explicit missing action fallback (0.163086ms)
✔ variable source crops share a fixed pixel scale across a crouch and standing frame (1.041902ms)
✔ independent source scales equalize facing stature while a tucked roll keeps its small height (0.505082ms)
✔ engine active phase selects impact despite a long startup duration (0.2249ms)
✔ native Canvas contour clips a neighboring atlas pose without editing source image (0.292291ms)
✔ original-character trap and carbine mappings follow the actual runtime move definitions (155.883438ms)
✔ Viper runtime correction uses only body/trap/recovery poses and never a fabricated firearm (181.347876ms)
✔ Snake projectile, CQC grapple and reload map to their actual original-game equipment poses (143.393297ms)
✔ The Boss original PS2 maps Patriot, blade, CQC and recovery to their real combat profile (145.136608ms)
✔ original human MGS2 Raiden maps backward low-profile roll, HF blade, chaff and SOCOM to their authored actions (147.811726ms)
✔ original PS1 Solid Snake distinguishes SOCOM/grenade/reload from Naked Snake MGS3 combat and art (146.21117ms)
ℹ tests 22
ℹ suites 0
ℹ pass 22
ℹ fail 0
ℹ cancelled 0
ℹ skipped 0
ℹ todo 0
ℹ duration_ms 941.065314
