✔ later configuration retains the renderer script root in albums, modules and embedded games (4.461864ms)
✔ different exact UID cannot receive another incarnation sprite (0.607057ms)
✔ all six observed fidelity checks and a source are required (0.193002ms)
✔ original-character declaration cannot replace a canon UID (0.144027ms)
✔ unapproved candidates and unsafe source paths stay procedural (0.219641ms)
✔ requested action frames use action time and clamp a non-looping action (0.326784ms)
✔ loading and failed PNG keep fallback without blocking gameplay (0.395076ms)
✔ PNG uses reviewed rectangle, baseline and image-native scaling (0.418592ms)
✔ animation starts first attack frame after a long idle period (0.3974ms)
✔ off-image crop and undeclared mirror approximation cannot render (0.444471ms)
✔ independently drawn opposite view renders without mirroring asymmetrical equipment (0.466364ms)
✔ per-incarnation move mapping selects real action frames and explicit missing action fallback (0.157768ms)
✔ variable source crops share a fixed pixel scale across a crouch and standing frame (1.063585ms)
✔ independent source scales equalize facing stature while a tucked roll keeps its small height (0.569048ms)
✔ engine active phase selects impact despite a long startup duration (0.216517ms)
✔ native Canvas contour clips a neighboring atlas pose without editing source image (0.31791ms)
✔ original-character trap and carbine mappings follow the actual runtime move definitions (122.068042ms)
✔ Viper runtime correction uses only body/trap/recovery poses and never a fabricated firearm (158.153908ms)
✔ Snake projectile, CQC grapple and reload map to their actual original-game equipment poses (119.643097ms)
✔ The Boss original PS2 maps Patriot, blade, CQC and recovery to their real combat profile (118.085707ms)
✔ original human MGS2 Raiden maps backward low-profile roll, HF blade, chaff and SOCOM to their authored actions (116.068402ms)
✔ original PS1 Solid Snake distinguishes SOCOM/grenade/reload from Naked Snake MGS3 combat and art (115.936673ms)
ℹ tests 22
ℹ suites 0
ℹ pass 22
ℹ fail 0
ℹ cancelled 0
ℹ skipped 0
ℹ todo 0
ℹ duration_ms 767.219855
