
> shadow-codec-ops@3.10.0 qa
> npm run cqc:check && npm run lint && npm run test && npm run build && npm run pwa:check


> shadow-codec-ops@3.10.0 cqc:check
> node scripts/sync-cqc-runtime.mjs --verify

CQC RUNTIME VERIFIED — 713 files / 422.9 MiB
npm notice
npm notice New major version of npm available! 11.9.0 -> 12.2.0
npm notice Changelog: https://github.com/npm/cli/releases/tag/v12.2.0
npm notice To update run: npm install -g npm@12.2.0
npm notice

> shadow-codec-ops@3.10.0 lint
> tsc --noEmit

npm notice
npm notice New major version of npm available! 11.9.0 -> 12.2.0
npm notice Changelog: https://github.com/npm/cli/releases/tag/v12.2.0
npm notice To update run: npm install -g npm@12.2.0
npm notice

> shadow-codec-ops@3.10.0 test
> vitest run --no-isolate --pool=threads --maxWorkers=1 --no-file-parallelism --reporter=default


 RUN  v4.1.10 /workspace/shadow-codec-recovered

 ✓ src/systems/deliveredArchivePortraitAssets.test.ts (8 tests) 110ms
 ✓ src/game/core/sideOpsSpecialActorAnimationRegistry.test.ts (5 tests) 2443ms
     ✓ ships genuine sheets with matching source provenance and distinct visible phases  2434ms
 ✓ src/game/core/sideOpsActorAnimationRegistry.test.ts (2 tests) 1835ms
     ✓ ships visible, separated, distinct phases and validates their recorded provenance  1826ms
 ✓ src/game/core/mgs1ActorAnimationRegistry.test.ts (6 tests) 245ms
 ✓ src/systems/eraCharacterArchiveAssets.test.ts (2 tests) 103ms
 ✓ src/game/core/mg1ActorAnimationRegistry.test.ts (6 tests) 173ms
 ✓ src/components/common/TouchControlOverlay.test.tsx (7 tests) 61ms
 ✓ src/game/core/mgs1VrEnvironmentRegistry.test.ts (9 tests) 53ms
 ✓ src/game/core/sideOpsCampaign.test.ts (10 tests) 66ms
 ✓ src/game/scenes/sideOpsProjectileCallbacks.test.ts (16 tests) 49ms
 ✓ src/game/core/sideOpsEnemyBossTactics.test.ts (28 tests) 46ms
 ✓ src/game/scenes/dedicatedSceneArtwork.test.ts (10 tests) 30ms
 ✓ src/systems/mgsvGroundZeroesCodec.test.ts (12 tests) 24ms
 ✓ src/systems/eraCharacterArchive.test.ts (10 tests) 31ms
 ✓ src/data/dataIntegrity.test.ts (11 tests) 33ms
 ✓ src/systems/campaignStorage.test.ts (9 tests) 22ms
 ✓ src/systems/codecAssetEngine.test.ts (18 tests) 20ms
 ✓ src/game/core/mg1SideOpsAssetRegistry.test.ts (10 tests) 17ms
 ✓ src/game/core/sideOpsTerrainRegistry.test.ts (3 tests) 12ms
 ✓ src/game/core/mgs1VrGameplayAssetRegistry.test.ts (8 tests) 17ms
 ✓ src/game/core/sideOpsBossProjectileRegistry.test.ts (11 tests) 12ms
 ✓ src/game/core/patriotsAiSideOpsAssetRegistry.test.ts (8 tests) 13ms
 ✓ src/components/sideops/EraCharacterArchive.test.tsx (3 tests) 13ms
 ✓ src/game/core/peaceWalkerSideOpsAssetRegistry.test.ts (8 tests) 8ms
 ✓ src/game/core/mgsvGroundZeroesSideOpsAssetRegistry.test.ts (8 tests) 6ms
 ✓ src/game/core/mgs1SideOpsAssetRegistry.test.ts (9 tests) 12ms
 ✓ src/game/core/mgs2PlantSideOpsAssetRegistry.test.ts (8 tests) 6ms
 ✓ src/game/core/mgsvPhantomPainSideOpsAssetRegistry.test.ts (8 tests) 6ms
 ✓ src/systems/sideOpsCharacterResolver.test.ts (44 tests) 13ms
 ✓ src/game/scenes/sideOpsBossProjectileSpawn.test.ts (17 tests) 11ms
 ✓ src/game/core/sideOpsCommonPropRegistry.test.ts (10 tests) 7ms
 ✓ src/game/core/sideOpsVisualPackRuntime.test.ts (6 tests) 9ms
 ✓ src/systems/campaignBuilderStorage.test.ts (5 tests) 9ms
 ✓ src/game/core/peaceWalkerHeavyOperations.test.ts (9 tests) 15ms
 ✓ src/game/scenes/SideOpsScene.test.ts (11 tests) 11ms
 ✓ src/game/core/mg2SideOpsAssetRegistry.test.ts (8 tests) 8ms
 ✓ src/game/core/mgs1VrMissionProfileRegistry.test.ts (5 tests) 7ms
 ✓ src/systems/allEraPortraitCoverage.test.ts (1 test) 9ms
 ✓ src/systems/missionBuilderStorage.test.ts (15 tests) 12ms
 ✓ src/systems/mgs1PortraitAssets.test.ts (2 tests) 7ms
 ✓ src/game/scenes/sideOpsPickupPhysics.test.ts (7 tests) 9ms
 ✓ src/systems/mgs1VrPhotoshootStorage.test.ts (5 tests) 8ms
 ✓ src/game/core/mgs2TankerSideOpsAssetRegistry.test.ts (8 tests) 8ms
 ✓ src/game/core/sideOpsEnemyTactics.test.ts (15 tests) 13ms
 ✓ src/game/core/mgs3SideOpsAssetRegistry.test.ts (8 tests) 8ms
 ✓ src/game/core/mgs1ShadowMosesMission.test.ts (7 tests) 9ms
 ✓ src/data/codecFinalQa.test.ts (4 tests) 6ms
 ✓ src/systems/vrStorage.test.ts (10 tests) 10ms
 ✓ src/game/core/mg1OuterHeavenMission.test.ts (13 tests) 13ms
 ✓ src/game/core/sideOpsMechaCombatAnimation.test.ts (13 tests) 9ms
 ✓ src/game/core/sideOpsArchiveInspection.test.ts (4 tests) 6ms
 ✓ src/systems/saveMigrations.test.ts (6 tests) 8ms
 ✓ src/game/core/mgs4SideOpsAssetRegistry.test.ts (7 tests) 7ms
 ✓ src/game/scenes/sideOpsBossHover.test.ts (9 tests) 9ms
 ✓ src/systems/radioSignalEngine.test.ts (6 tests) 6ms
 ✓ src/game/scenes/sideOpsBossSpawn.test.ts (10 tests) 9ms
 ✓ src/game/core/sideOpsSpecialActorAnimationRuntime.test.ts (6 tests) 8ms
 ✓ src/systems/campaignNarrative.test.ts (7 tests) 8ms
 ✓ src/systems/mgsvPortraitAssets.test.ts (2 tests) 6ms
 ✓ src/components/common/AnimatedCodecPortrait.test.tsx (8 tests) 9ms
 ✓ src/game/core/mgs1VrVs12BattleRegistry.test.ts (5 tests) 6ms
 ✓ src/game/core/mgs1VrSpecialModeRegistry.test.ts (6 tests) 6ms
 ✓ src/systems/peaceWalkerPortraitAssets.test.ts (2 tests) 6ms
 ✓ src/systems/mgs4PortraitAssets.test.ts (2 tests) 6ms
 ✓ src/game/core/sideOpsBackdropRegistry.test.ts (4 tests) 7ms
 ✓ src/systems/mg2PortraitAssets.test.ts (2 tests) 5ms
 ✓ src/game/core/sideOpsBossLocomotion.test.ts (16 tests) 8ms
 ✓ src/systems/mgs1ContentEngine.test.ts (7 tests) 9ms
 ✓ src/systems/directorStorage.test.ts (4 tests) 9ms
 ✓ src/game/core/mg1ProjectileVfxAssets.test.ts (3 tests) 6ms
 ✓ src/systems/directorEngine.test.ts (5 tests) 6ms
 ✓ src/systems/syntheticPortraitAssets.test.ts (3 tests) 5ms
 ✓ src/game/core/mgs1VrMinuteBattleRegistry.test.ts (4 tests) 6ms
 ✓ src/game/scenes/MissionCompleteScene.test.ts (2 tests) 5ms
 ✓ src/systems/mg1PortraitAssets.test.ts (1 test) 4ms
 ✓ src/game/core/mgs1VrVs12Inventory.test.ts (5 tests) 6ms
 ✓ src/systems/mgs1Encyclopedia.test.ts (6 tests) 5ms
 ✓ src/systems/contactAvailabilityEngine.test.ts (4 tests) 4ms
 ✓ src/systems/inputSettings.test.ts (4 tests) 4ms
 ✓ src/systems/mgs2ContentEngine.test.ts (5 tests) 3ms
 ✓ src/systems/frequencyEngine.test.ts (5 tests) 3ms
 ✓ src/data/mg1LoreAlignment.test.ts (3 tests) 6ms
 ✓ src/systems/mgs3ContentEngine.test.ts (5 tests) 6ms
 ✓ src/systems/codecReplayStorage.test.ts (3 tests) 3ms
 ✓ src/systems/mgs1IncomingSchedule.test.ts (3 tests) 5ms
 ✓ src/game/core/sideOpsActorIdentity.test.ts (4 tests) 4ms
 ✓ src/systems/touchInput.test.ts (3 tests) 2ms
 ✓ src/game/core/mgs1VrPhotoshootRules.test.ts (3 tests) 4ms
 ✓ src/systems/codecCanonRegistry.test.ts (3 tests) 3ms
 ✓ src/systems/narrativePipeline.test.ts (4 tests) 4ms
 ✓ src/systems/codecVisualIdentity.test.ts (4 tests) 4ms
 ✓ src/systems/voicePackStorage.test.ts (2 tests) 3ms
 ✓ src/systems/codecCallBus.test.ts (2 tests) 4ms
 ✓ src/systems/radioIntelStorage.test.ts (4 tests) 5ms
 ✓ src/game/systems/rankSystem.test.ts (3 tests) 4ms
 ✓ src/game/core/vrSimulationSideOpsRuntime.test.ts (3 tests) 4ms
 ✓ src/systems/studioStorage.test.ts (2 tests) 3ms
 ✓ src/game/core/sideOpsNpcPresentation.test.ts (3 tests) 3ms
 ✓ src/systems/conversationEngine.test.ts (2 tests) 3ms
 ✓ src/systems/mgs1FinalAudit.test.ts (2 tests) 2ms
 ✓ src/systems/codecFidelity.test.ts (2 tests) 3ms
 ✓ src/systems/userSettings.test.ts (2 tests) 3ms
 ✓ src/systems/codecSaveStorage.test.ts (1 test) 2ms
 ✓ scripts/sync-cqc-runtime.test.mjs (6 tests) 82ms

 Test Files  104 passed (104)
      Tests  705 passed (705)
   Start at  09:05:50
   Duration  9.77s (transform 1.78s, setup 0ms, import 2.75s, tests 6.03s, environment 515ms)

npm notice
npm notice New major version of npm available! 11.9.0 -> 12.2.0
npm notice Changelog: https://github.com/npm/cli/releases/tag/v12.2.0
npm notice To update run: npm install -g npm@12.2.0
npm notice

> shadow-codec-ops@3.10.0 build
> tsc -b && vite build

vite v6.4.3 building for production...
transforming...
✓ 258 modules transformed.
rendering chunks...
computing gzip size...
dist/index.html                                                   0.71 kB │ gzip:   0.38 kB
dist/manifest.webmanifest                                         1.64 kB
dist/assets/codec-assets-C13izPtx.css                             1.07 kB │ gzip:   0.48 kB
dist/assets/CqcLauncher-C4i--uRM.css                              1.17 kB │ gzip:   0.52 kB
dist/assets/EraCharacterArchive-Cmm3TIZt.css                      3.27 kB │ gzip:   1.15 kB
dist/assets/ConversationStudio-CKxjZT0S.css                       5.04 kB │ gzip:   1.37 kB
dist/assets/LoreDatabase-VRPyTNYH.css                             5.56 kB │ gzip:   1.48 kB
dist/assets/TapeArchive-HsSCI_cN.css                              6.32 kB │ gzip:   1.90 kB
dist/assets/VRMissionsScreen-D-X5unoV.css                         7.63 kB │ gzip:   2.09 kB
dist/assets/CampaignBuilder-C9uaqt3k.css                          8.21 kB │ gzip:   1.97 kB
dist/assets/SideOpsLauncher-Ckjl-Adm.css                          8.27 kB │ gzip:   1.99 kB
dist/assets/MissionBuilder-1blsfTA-.css                           9.76 kB │ gzip:   2.37 kB
dist/assets/directorEngine-M0ggaCSv.css                          10.05 kB │ gzip:   2.44 kB
dist/assets/CampaignOps-W6rTZQfy.css                             18.96 kB │ gzip:   3.89 kB
dist/assets/index-DzvAQj0-.css                                   30.07 kB │ gzip:   7.37 kB
dist/assets/CodecScreen-CE6AaVIP.css                             54.02 kB │ gzip:  11.00 kB
dist/assets/vrConstants-C5-UwP-k.js                               0.10 kB │ gzip:   0.09 kB
dist/assets/BootScene-n55nNjoR.js                                 0.21 kB │ gzip:   0.18 kB
dist/assets/desktopBridge-CASOdKgD.js                             0.22 kB │ gzip:   0.18 kB
dist/assets/sideOpsRuntimeResolver-CCSSX9OC.js                    0.35 kB │ gzip:   0.25 kB
dist/assets/sideOpsActorAnimationRegistry--IXDZ9B9.js             1.11 kB │ gzip:   0.61 kB
dist/assets/sideOpsSpecialActorAnimationRuntime-m62B0r2z.js       1.41 kB │ gzip:   0.74 kB
dist/assets/inputSettings-D7AjfWs4.js                             1.48 kB │ gzip:   0.80 kB
dist/assets/sideOpsActorAnimationRuntime-Etei0H6H.js              1.54 kB │ gzip:   0.84 kB
dist/assets/CqcLauncher-BO8fJz6l.js                               1.58 kB │ gzip:   0.81 kB
dist/assets/voicePackStorage-D74aoLV8.js                          2.10 kB │ gzip:   0.90 kB
dist/assets/desktopEngine-DXCsjSw0.js                             2.46 kB │ gzip:   1.07 kB
dist/assets/RuntimeInput-CpAgdZiZ.js                              2.66 kB │ gzip:   1.02 kB
dist/assets/MissionCompleteScene-DOWAn9al.js                      3.03 kB │ gzip:   1.53 kB
dist/assets/AnimatedCodecPortrait-HbvnwsIb.js                     3.03 kB │ gzip:   1.36 kB
dist/assets/sideOpsTerrainRegistry-DnSziQkW.js                    3.27 kB │ gzip:   0.88 kB
dist/assets/eras-CLX8tNq8.js                                      3.61 kB │ gzip:   1.00 kB
dist/assets/GameConfig-VG1et3FQ.js                                4.80 kB │ gzip:   1.64 kB
dist/assets/vrStorage-CLg63Saj.js                                 5.18 kB │ gzip:   1.87 kB
dist/assets/directorEngine-BZeMxpil.js                            5.20 kB │ gzip:   1.78 kB
dist/assets/pwa-runtime-BBnX5xw4.js                               5.75 kB │ gzip:   2.36 kB
dist/assets/TouchControlOverlay-oyNKLZVe.js                       5.93 kB │ gzip:   2.24 kB
dist/assets/sideOpsSpecialActorAnimationRegistry-CLbqwAVP.js      6.98 kB │ gzip:   1.81 kB
dist/assets/mg1OuterHeavenMission-kBv1HvBa.js                     7.59 kB │ gzip:   2.30 kB
dist/assets/mg1ActorAnimationRegistry-dt8wN20D.js                 7.86 kB │ gzip:   1.24 kB
dist/assets/EraCharacterArchive-DPVMVS-I.js                       8.22 kB │ gzip:   3.26 kB
dist/assets/sideOpsBossProjectileRegistry-CdK7mrw-.js             9.00 kB │ gzip:   3.02 kB
dist/assets/DirectorRuntimeOverlay-BbVgFIvc.js                    9.20 kB │ gzip:   3.23 kB
dist/assets/conversationEngine-Ca9EdIIb.js                        9.81 kB │ gzip:   4.00 kB
dist/assets/vrSpecialSceneSupport-4WTKT8ra.js                    10.09 kB │ gzip:   3.59 kB
dist/assets/mgs1ActorAnimationRegistry-ceuI85D1.js               10.10 kB │ gzip:   1.57 kB
dist/assets/mgs1ShadowMosesMission-fOliaeWy.js                   10.22 kB │ gzip:   3.02 kB
dist/assets/missions-DxKepQc8.js                                 11.05 kB │ gzip:   2.15 kB
dist/assets/mgs1VrPhotoshootStorage-Bu9jr-U-.js                  11.26 kB │ gzip:   3.63 kB
dist/assets/VRPhotoshootScene-JZpLZ3yi.js                        11.66 kB │ gzip:   4.21 kB
dist/assets/TapeArchive-OKb9kFqf.js                              13.88 kB │ gzip:   4.73 kB
dist/assets/PreloadScene-iHkz9Lbr.js                             14.14 kB │ gzip:   3.44 kB
dist/assets/VRNinjaScene-C_mPlCAZ.js                             14.67 kB │ gzip:   5.20 kB
dist/assets/mgs1VrGameplayAssetRegistry-D71xSYjz.js              15.57 kB │ gzip:   2.61 kB
dist/assets/directorStorage-DNuJ-wqr.js                          16.41 kB │ gzip:   5.20 kB
dist/assets/tauri-runtime-DPZCZoW0.js                            16.51 kB │ gzip:   4.16 kB
dist/assets/SideOpsLauncher-Dfxabqeo.js                          17.03 kB │ gzip:   5.90 kB
dist/assets/ConversationStudio-C5c0kOYu.js                       17.53 kB │ gzip:   5.20 kB
dist/assets/CodecDirector-DvK9uh4X.js                            19.60 kB │ gzip:   5.25 kB
dist/assets/MissionBuilder-CObcJZIy.js                           20.00 kB │ gzip:   6.20 kB
dist/assets/mgs1VrEnvironmentRegistry-DOPKrNHs.js                21.15 kB │ gzip:   3.75 kB
dist/assets/VRMysteryScene-0an8kotT.js                           22.85 kB │ gzip:   7.42 kB
dist/assets/SettingsScreen-DPXSpgBq.js                           23.33 kB │ gzip:   6.83 kB
dist/assets/CampaignOps-D0PvxX8C.js                              24.03 kB │ gzip:   7.18 kB
dist/assets/eraCharacterArchive-Dm9iJGyX.js                      24.96 kB │ gzip:   3.75 kB
dist/assets/VRMissionsScreen-vA9g2gh9.js                         26.19 kB │ gzip:   7.62 kB
dist/assets/VRMinuteBattleScene-snseQQ_r.js                      26.37 kB │ gzip:   8.52 kB
dist/assets/VRVs12BattleScene-CbXqhLnE.js                        28.67 kB │ gzip:   9.06 kB
dist/assets/VRTrainingScene-BeFPSAl2.js                          34.30 kB │ gzip:  10.61 kB
dist/assets/index-DJPVorwh.js                                    36.36 kB │ gzip:  12.77 kB
dist/assets/LoreDatabase-DeUS77JY.js                             37.10 kB │ gzip:  11.49 kB
dist/assets/CampaignBuilder-CKKMmJ8m.js                          39.07 kB │ gzip:   8.39 kB
dist/assets/Mgs1ShadowMosesScene-Da9kmFYu.js                     39.38 kB │ gzip:  12.04 kB
dist/assets/Mg1OuterHeavenScene-Cehbshwm.js                      43.67 kB │ gzip:  13.10 kB
dist/assets/codecAssetEngine-CMO0OEnI.js                         44.47 kB │ gzip:  11.31 kB
dist/assets/contacts-CtzfMWRc.js                                 53.91 kB │ gzip:   8.64 kB
dist/assets/campaignStorage-KxtW6ORP.js                          68.15 kB │ gzip:  21.37 kB
dist/assets/missionBuilderStorage-BicvlU_C.js                    71.16 kB │ gzip:  15.42 kB
dist/assets/SideOpsScene-utDyC2Ah.js                             73.41 kB │ gzip:  20.49 kB
dist/assets/campaignBuilderStorage-29LICPPs.js                  122.79 kB │ gzip:  29.41 kB
dist/assets/react-core-BaEmuX5g.js                              142.94 kB │ gzip:  45.79 kB
dist/assets/CodecScreen-DImblR2n.js                             201.01 kB │ gzip:  53.76 kB
dist/assets/studioStorage-DLyQt52o.js                           262.19 kB │ gzip:  41.05 kB
dist/assets/phaser-engine-qJGN15df.js                         1,482.15 kB │ gzip: 340.02 kB
✓ built in 8.62s

PWA v1.3.0
mode      generateSW
precache  1267 entries (54438.51 KiB)
files generated
  dist/sw.js
  dist/workbox-9504f110.js
npm notice
npm notice New major version of npm available! 11.9.0 -> 12.2.0
npm notice Changelog: https://github.com/npm/cli/releases/tag/v12.2.0
npm notice To update run: npm install -g npm@12.2.0
npm notice

> shadow-codec-ops@3.10.0 pwa:check
> node scripts/check-pwa.mjs

PWA CHECK PASS — Shadow Codec Ops / 3 icons / 1 Workbox runtime
npm notice
npm notice New major version of npm available! 11.9.0 -> 12.2.0
npm notice Changelog: https://github.com/npm/cli/releases/tag/v12.2.0
npm notice To update run: npm install -g npm@12.2.0
npm notice
