vite v6.4.3 building for production...
transforming...
✓ 259 modules transformed.
rendering chunks...
computing gzip size...
dist/index.html                                                   0.71 kB │ gzip:   0.38 kB
dist/manifest.webmanifest                                         1.63 kB
dist/assets/codec-assets-C13izPtx.css                             1.07 kB │ gzip:   0.48 kB
dist/assets/CqcLauncher-C4i--uRM.css                              1.17 kB │ gzip:   0.52 kB
dist/assets/EraCharacterArchive-Cmm3TIZt.css                      3.27 kB │ gzip:   1.15 kB
dist/assets/ConversationStudio-CKxjZT0S.css                       5.04 kB │ gzip:   1.37 kB
dist/assets/LoreDatabase-VRPyTNYH.css                             5.56 kB │ gzip:   1.48 kB
dist/assets/TapeArchive-HsSCI_cN.css                              6.32 kB │ gzip:   1.90 kB
dist/assets/VRMissionsScreen-D-X5unoV.css                         7.63 kB │ gzip:   2.09 kB
dist/assets/CampaignBuilder-C9uaqt3k.css                          8.21 kB │ gzip:   1.97 kB
dist/assets/SideOpsLauncher-Ckjl-Adm.css                          8.27 kB │ gzip:   1.99 kB
dist/assets/MissionBuilder-1blsfTA-.css                           9.76 kB │ gzip:   2.37 kB
dist/assets/directorEngine-M0ggaCSv.css                          10.05 kB │ gzip:   2.44 kB
dist/assets/CampaignOps-W6rTZQfy.css                             18.96 kB │ gzip:   3.89 kB
dist/assets/index-CSejK4L1.css                                   30.13 kB │ gzip:   7.40 kB
dist/assets/CodecScreen-BwI6AXXo.css                             78.46 kB │ gzip:  16.07 kB
dist/assets/vrConstants-C5-UwP-k.js                               0.10 kB │ gzip:   0.09 kB
dist/assets/BootScene-n55nNjoR.js                                 0.21 kB │ gzip:   0.18 kB
dist/assets/desktopBridge-CASOdKgD.js                             0.22 kB │ gzip:   0.18 kB
dist/assets/sideOpsRuntimeResolver-CCSSX9OC.js                    0.35 kB │ gzip:   0.25 kB
dist/assets/sideOpsActorAnimationRegistry--IXDZ9B9.js             1.11 kB │ gzip:   0.61 kB
dist/assets/sideOpsSpecialActorAnimationRuntime-m62B0r2z.js       1.41 kB │ gzip:   0.74 kB
dist/assets/inputSettings-Dowg5ZuA.js                             1.48 kB │ gzip:   0.80 kB
dist/assets/sideOpsActorAnimationRuntime-Etei0H6H.js              1.54 kB │ gzip:   0.84 kB
dist/assets/CqcLauncher-C6K0npZO.js                               1.57 kB │ gzip:   0.80 kB
dist/assets/voicePackStorage-CYyJGVaR.js                          2.10 kB │ gzip:   0.90 kB
dist/assets/desktopEngine-DXCsjSw0.js                             2.46 kB │ gzip:   1.07 kB
dist/assets/RuntimeInput-C7xCXh9D.js                              2.66 kB │ gzip:   1.02 kB
dist/assets/MissionCompleteScene-BCmt_z2Z.js                      3.03 kB │ gzip:   1.53 kB
dist/assets/AnimatedCodecPortrait-HbvnwsIb.js                     3.03 kB │ gzip:   1.36 kB
dist/assets/sideOpsTerrainRegistry-DnSziQkW.js                    3.27 kB │ gzip:   0.88 kB
dist/assets/eras-CLX8tNq8.js                                      3.61 kB │ gzip:   1.00 kB
dist/assets/GameConfig-BW8ehRpC.js                                4.80 kB │ gzip:   1.64 kB
dist/assets/vrStorage-DZ6Y9Kj5.js                                 5.18 kB │ gzip:   1.87 kB
dist/assets/directorEngine-BZeMxpil.js                            5.20 kB │ gzip:   1.78 kB
dist/assets/pwa-runtime-BBnX5xw4.js                               5.75 kB │ gzip:   2.36 kB
dist/assets/TouchControlOverlay-Bj89xH4w.js                       5.93 kB │ gzip:   2.25 kB
dist/assets/sideOpsSpecialActorAnimationRegistry-CLbqwAVP.js      6.98 kB │ gzip:   1.81 kB
dist/assets/mg1OuterHeavenMission-kBv1HvBa.js                     7.59 kB │ gzip:   2.30 kB
dist/assets/mg1ActorAnimationRegistry-dt8wN20D.js                 7.86 kB │ gzip:   1.24 kB
dist/assets/EraCharacterArchive-DPVMVS-I.js                       8.22 kB │ gzip:   3.26 kB
dist/assets/sideOpsBossProjectileRegistry-0HzOCqZO.js             9.00 kB │ gzip:   3.02 kB
dist/assets/DirectorRuntimeOverlay-D66qG-5r.js                    9.20 kB │ gzip:   3.23 kB
dist/assets/conversationEngine-Ca9EdIIb.js                        9.81 kB │ gzip:   4.00 kB
dist/assets/vrSpecialSceneSupport-Ben5Rt0q.js                    10.09 kB │ gzip:   3.58 kB
dist/assets/mgs1ActorAnimationRegistry-ceuI85D1.js               10.10 kB │ gzip:   1.57 kB
dist/assets/mgs1ShadowMosesMission-fOliaeWy.js                   10.22 kB │ gzip:   3.02 kB
dist/assets/missions-DxKepQc8.js                                 11.05 kB │ gzip:   2.15 kB
dist/assets/mgs1VrPhotoshootStorage-Bu9jr-U-.js                  11.26 kB │ gzip:   3.63 kB
dist/assets/VRPhotoshootScene-CZDVss0j.js                        11.66 kB │ gzip:   4.21 kB
dist/assets/TapeArchive-Bpg-lCgV.js                              13.88 kB │ gzip:   4.73 kB
dist/assets/PreloadScene-CGMk5t1T.js                             14.14 kB │ gzip:   3.44 kB
dist/assets/VRNinjaScene-AXu-ToEX.js                             14.67 kB │ gzip:   5.20 kB
dist/assets/mgs1VrGameplayAssetRegistry-D71xSYjz.js              15.57 kB │ gzip:   2.61 kB
dist/assets/directorStorage-BsL8eGh1.js                          16.41 kB │ gzip:   5.20 kB
dist/assets/tauri-runtime-DPZCZoW0.js                            16.51 kB │ gzip:   4.16 kB
dist/assets/SideOpsLauncher-GeLaYshS.js                          17.03 kB │ gzip:   5.91 kB
dist/assets/ConversationStudio-CHOpLsuu.js                       17.53 kB │ gzip:   5.20 kB
dist/assets/CodecDirector-DE1EeCUv.js                            19.60 kB │ gzip:   5.26 kB
dist/assets/MissionBuilder-BdvB6TeJ.js                           20.00 kB │ gzip:   6.20 kB
dist/assets/mgs1VrEnvironmentRegistry-DOPKrNHs.js                21.15 kB │ gzip:   3.75 kB
dist/assets/VRMysteryScene-x1P8mKZc.js                           22.85 kB │ gzip:   7.42 kB
dist/assets/SettingsScreen-BipS13YT.js                           23.33 kB │ gzip:   6.83 kB
dist/assets/CampaignOps-B4KIaOfx.js                              24.03 kB │ gzip:   7.19 kB
dist/assets/eraCharacterArchive-Dm9iJGyX.js                      24.96 kB │ gzip:   3.75 kB
dist/assets/VRMissionsScreen-CRR9RbVZ.js                         26.19 kB │ gzip:   7.63 kB
dist/assets/VRMinuteBattleScene-CgZGRRj_.js                      26.37 kB │ gzip:   8.52 kB
dist/assets/VRVs12BattleScene-Ch1VC3QC.js                        28.67 kB │ gzip:   9.06 kB
dist/assets/VRTrainingScene-DVci-uXR.js                          34.30 kB │ gzip:  10.61 kB
dist/assets/index-C43Af4Jc.js                                    36.41 kB │ gzip:  12.78 kB
dist/assets/LoreDatabase-9tmRq-KG.js                             37.10 kB │ gzip:  11.49 kB
dist/assets/CampaignBuilder-CdtbKTM3.js                          39.07 kB │ gzip:   8.39 kB
dist/assets/Mgs1ShadowMosesScene-Bvh6j683.js                     39.38 kB │ gzip:  12.04 kB
dist/assets/Mg1OuterHeavenScene-DEhJ7O7G.js                      43.67 kB │ gzip:  13.10 kB
dist/assets/codecAssetEngine-CMO0OEnI.js                         44.47 kB │ gzip:  11.31 kB
dist/assets/contacts-CtzfMWRc.js                                 53.91 kB │ gzip:   8.64 kB
dist/assets/campaignStorage-CfOqR9fO.js                          68.15 kB │ gzip:  21.37 kB
dist/assets/missionBuilderStorage-BrjN5U0a.js                    71.16 kB │ gzip:  15.42 kB
dist/assets/SideOpsScene-DEZzWvnt.js                             73.41 kB │ gzip:  20.49 kB
dist/assets/campaignBuilderStorage-_c_gy2MM.js                  122.79 kB │ gzip:  29.41 kB
dist/assets/react-core-BaEmuX5g.js                              142.94 kB │ gzip:  45.79 kB
dist/assets/CodecScreen-alg2TfOm.js                             207.67 kB │ gzip:  55.96 kB
dist/assets/studioStorage-DUDj4DQ2.js                           262.19 kB │ gzip:  41.05 kB
dist/assets/phaser-engine-qJGN15df.js                         1,482.15 kB │ gzip: 340.02 kB
✓ built in 12.49s

PWA v1.3.0
mode      generateSW
precache  1284 entries (55564.16 KiB)
files generated
  dist/sw.js
  dist/workbox-9504f110.js
{"build":"passed","fileCount":3252,"publicBytes":2473739649,"publicCopyMethod":"verified-hardlink-storage-sharing","originalProjectConfig":true}
