✔ the complete pinned PASS6 catalog backup retains its delivered bytes and all 22 existing entries (2038.004934ms)
✔ the shipped JSON and file:// JavaScript catalog expose the same 26 renderer-accepted entries (367.199102ms)
✔ all original 354 roster profiles and 1,416 finishers remain byte-exact source data (10.053132ms)
✔ the entire native catalog has 156 distinct native PNG paths and 1,872 independent source poses (67.557806ms)
✔ core__raven: six independent native sheets preserve 72 complete source-pose contracts without mirroring (177.727168ms)
✔ core__raven: all ten real move slots and seven states select reviewed frames in both facings (0.857524ms)
✔ core__raven: the imported entry exactly matches its physical integration approval and native source geometry (12.76236ms)
✔ core__raven: reviewed references retain exact provenance bytes and declare the limits of canonical fidelity (5.478608ms)
✔ core__old_snake: six independent native sheets preserve 72 complete source-pose contracts without mirroring (201.90734ms)
✔ core__old_snake: all ten real move slots and seven states select reviewed frames in both facings (0.505302ms)
✔ core__old_snake: the imported entry exactly matches its physical integration approval and native source geometry (17.860304ms)
✔ core__old_snake: reviewed references retain exact provenance bytes and declare the limits of canonical fidelity (10.732567ms)
✔ core__quiet: six independent native sheets preserve 72 complete source-pose contracts without mirroring (137.937239ms)
✔ core__quiet: all ten real move slots and seven states select reviewed frames in both facings (0.296377ms)
✔ core__quiet: the imported entry exactly matches its physical integration approval and native source geometry (16.258266ms)
✔ core__quiet: reviewed references retain exact provenance bytes and declare the limits of canonical fidelity (6.312126ms)
✔ archive__skull_face: six independent native sheets preserve 72 complete source-pose contracts without mirroring (169.688636ms)
✔ archive__skull_face: all ten real move slots and seven states select reviewed frames in both facings (0.421005ms)
✔ archive__skull_face: the imported entry exactly matches its physical integration approval and native source geometry (21.1571ms)
✔ archive__skull_face: reviewed references retain exact provenance bytes and declare the limits of canonical fidelity (4.383075ms)
✔ exact incarnation routing rejects different Raven, Old Snake, Quiet and Skull Face aliases (14.420773ms)
✔ all sixteen ballistic and launch marks bind to the first active native frame and both exact source facings (32.886471ms)
✔ a mismatched source SHA or frame cannot replace an authored fallback launch origin (239.719125ms)
✔ all sixteen adapted or simulated finishers select real native phases while preserving source commands and durations (17.563636ms)
ℹ tests 24
ℹ suites 0
ℹ pass 24
ℹ fail 0
ℹ cancelled 0
ℹ skipped 0
ℹ todo 0
ℹ duration_ms 3580.555348
