vite v6.4.3 building for production...
transforming...
✓ 258 modules transformed.
rendering chunks...
computing gzip size...
dist.storage-build-6e55dbc5-9361-4586-9855-85f46af72542/index.html                                                   0.71 kB │ gzip:   0.38 kB
dist.storage-build-6e55dbc5-9361-4586-9855-85f46af72542/manifest.webmanifest                                         1.64 kB
dist.storage-build-6e55dbc5-9361-4586-9855-85f46af72542/assets/codec-assets-C13izPtx.css                             1.07 kB │ gzip:   0.48 kB
dist.storage-build-6e55dbc5-9361-4586-9855-85f46af72542/assets/CqcLauncher-C4i--uRM.css                              1.17 kB │ gzip:   0.52 kB
dist.storage-build-6e55dbc5-9361-4586-9855-85f46af72542/assets/EraCharacterArchive-Cmm3TIZt.css                      3.27 kB │ gzip:   1.15 kB
dist.storage-build-6e55dbc5-9361-4586-9855-85f46af72542/assets/ConversationStudio-CKxjZT0S.css                       5.04 kB │ gzip:   1.37 kB
dist.storage-build-6e55dbc5-9361-4586-9855-85f46af72542/assets/LoreDatabase-VRPyTNYH.css                             5.56 kB │ gzip:   1.48 kB
dist.storage-build-6e55dbc5-9361-4586-9855-85f46af72542/assets/TapeArchive-HsSCI_cN.css                              6.32 kB │ gzip:   1.90 kB
dist.storage-build-6e55dbc5-9361-4586-9855-85f46af72542/assets/VRMissionsScreen-D-X5unoV.css                         7.63 kB │ gzip:   2.09 kB
dist.storage-build-6e55dbc5-9361-4586-9855-85f46af72542/assets/CampaignBuilder-C9uaqt3k.css                          8.21 kB │ gzip:   1.97 kB
dist.storage-build-6e55dbc5-9361-4586-9855-85f46af72542/assets/SideOpsLauncher-Ckjl-Adm.css                          8.27 kB │ gzip:   1.99 kB
dist.storage-build-6e55dbc5-9361-4586-9855-85f46af72542/assets/MissionBuilder-1blsfTA-.css                           9.76 kB │ gzip:   2.37 kB
dist.storage-build-6e55dbc5-9361-4586-9855-85f46af72542/assets/directorEngine-M0ggaCSv.css                          10.05 kB │ gzip:   2.44 kB
dist.storage-build-6e55dbc5-9361-4586-9855-85f46af72542/assets/CampaignOps-W6rTZQfy.css                             18.96 kB │ gzip:   3.89 kB
dist.storage-build-6e55dbc5-9361-4586-9855-85f46af72542/assets/index-DzvAQj0-.css                                   30.07 kB │ gzip:   7.37 kB
dist.storage-build-6e55dbc5-9361-4586-9855-85f46af72542/assets/CodecScreen-CE6AaVIP.css                             54.02 kB │ gzip:  11.00 kB
dist.storage-build-6e55dbc5-9361-4586-9855-85f46af72542/assets/vrConstants-C5-UwP-k.js                               0.10 kB │ gzip:   0.09 kB
dist.storage-build-6e55dbc5-9361-4586-9855-85f46af72542/assets/BootScene-n55nNjoR.js                                 0.21 kB │ gzip:   0.18 kB
dist.storage-build-6e55dbc5-9361-4586-9855-85f46af72542/assets/desktopBridge-CASOdKgD.js                             0.22 kB │ gzip:   0.18 kB
dist.storage-build-6e55dbc5-9361-4586-9855-85f46af72542/assets/sideOpsRuntimeResolver-CCSSX9OC.js                    0.35 kB │ gzip:   0.25 kB
dist.storage-build-6e55dbc5-9361-4586-9855-85f46af72542/assets/sideOpsActorAnimationRegistry--IXDZ9B9.js             1.11 kB │ gzip:   0.61 kB
dist.storage-build-6e55dbc5-9361-4586-9855-85f46af72542/assets/sideOpsSpecialActorAnimationRuntime-m62B0r2z.js       1.41 kB │ gzip:   0.74 kB
dist.storage-build-6e55dbc5-9361-4586-9855-85f46af72542/assets/inputSettings-D7AjfWs4.js                             1.48 kB │ gzip:   0.80 kB
dist.storage-build-6e55dbc5-9361-4586-9855-85f46af72542/assets/sideOpsActorAnimationRuntime-Etei0H6H.js              1.54 kB │ gzip:   0.84 kB
dist.storage-build-6e55dbc5-9361-4586-9855-85f46af72542/assets/CqcLauncher-BO8fJz6l.js                               1.58 kB │ gzip:   0.81 kB
dist.storage-build-6e55dbc5-9361-4586-9855-85f46af72542/assets/voicePackStorage-D74aoLV8.js                          2.10 kB │ gzip:   0.90 kB
dist.storage-build-6e55dbc5-9361-4586-9855-85f46af72542/assets/desktopEngine-DXCsjSw0.js                             2.46 kB │ gzip:   1.07 kB
dist.storage-build-6e55dbc5-9361-4586-9855-85f46af72542/assets/RuntimeInput-CpAgdZiZ.js                              2.66 kB │ gzip:   1.02 kB
dist.storage-build-6e55dbc5-9361-4586-9855-85f46af72542/assets/MissionCompleteScene-DOWAn9al.js                      3.03 kB │ gzip:   1.53 kB
dist.storage-build-6e55dbc5-9361-4586-9855-85f46af72542/assets/AnimatedCodecPortrait-HbvnwsIb.js                     3.03 kB │ gzip:   1.36 kB
dist.storage-build-6e55dbc5-9361-4586-9855-85f46af72542/assets/sideOpsTerrainRegistry-DnSziQkW.js                    3.27 kB │ gzip:   0.88 kB
dist.storage-build-6e55dbc5-9361-4586-9855-85f46af72542/assets/eras-CLX8tNq8.js                                      3.61 kB │ gzip:   1.00 kB
dist.storage-build-6e55dbc5-9361-4586-9855-85f46af72542/assets/GameConfig-VG1et3FQ.js                                4.80 kB │ gzip:   1.64 kB
dist.storage-build-6e55dbc5-9361-4586-9855-85f46af72542/assets/vrStorage-CLg63Saj.js                                 5.18 kB │ gzip:   1.87 kB
dist.storage-build-6e55dbc5-9361-4586-9855-85f46af72542/assets/directorEngine-BZeMxpil.js                            5.20 kB │ gzip:   1.78 kB
dist.storage-build-6e55dbc5-9361-4586-9855-85f46af72542/assets/pwa-runtime-BBnX5xw4.js                               5.75 kB │ gzip:   2.36 kB
dist.storage-build-6e55dbc5-9361-4586-9855-85f46af72542/assets/TouchControlOverlay-oyNKLZVe.js                       5.93 kB │ gzip:   2.24 kB
dist.storage-build-6e55dbc5-9361-4586-9855-85f46af72542/assets/sideOpsSpecialActorAnimationRegistry-CLbqwAVP.js      6.98 kB │ gzip:   1.81 kB
dist.storage-build-6e55dbc5-9361-4586-9855-85f46af72542/assets/mg1OuterHeavenMission-kBv1HvBa.js                     7.59 kB │ gzip:   2.30 kB
dist.storage-build-6e55dbc5-9361-4586-9855-85f46af72542/assets/mg1ActorAnimationRegistry-dt8wN20D.js                 7.86 kB │ gzip:   1.24 kB
dist.storage-build-6e55dbc5-9361-4586-9855-85f46af72542/assets/EraCharacterArchive-DPVMVS-I.js                       8.22 kB │ gzip:   3.26 kB
dist.storage-build-6e55dbc5-9361-4586-9855-85f46af72542/assets/sideOpsBossProjectileRegistry-CdK7mrw-.js             9.00 kB │ gzip:   3.02 kB
dist.storage-build-6e55dbc5-9361-4586-9855-85f46af72542/assets/DirectorRuntimeOverlay-BbVgFIvc.js                    9.20 kB │ gzip:   3.23 kB
dist.storage-build-6e55dbc5-9361-4586-9855-85f46af72542/assets/conversationEngine-Ca9EdIIb.js                        9.81 kB │ gzip:   4.00 kB
dist.storage-build-6e55dbc5-9361-4586-9855-85f46af72542/assets/vrSpecialSceneSupport-4WTKT8ra.js                    10.09 kB │ gzip:   3.59 kB
dist.storage-build-6e55dbc5-9361-4586-9855-85f46af72542/assets/mgs1ActorAnimationRegistry-ceuI85D1.js               10.10 kB │ gzip:   1.57 kB
dist.storage-build-6e55dbc5-9361-4586-9855-85f46af72542/assets/mgs1ShadowMosesMission-fOliaeWy.js                   10.22 kB │ gzip:   3.02 kB
dist.storage-build-6e55dbc5-9361-4586-9855-85f46af72542/assets/missions-DxKepQc8.js                                 11.05 kB │ gzip:   2.15 kB
dist.storage-build-6e55dbc5-9361-4586-9855-85f46af72542/assets/mgs1VrPhotoshootStorage-Bu9jr-U-.js                  11.26 kB │ gzip:   3.63 kB
dist.storage-build-6e55dbc5-9361-4586-9855-85f46af72542/assets/VRPhotoshootScene-JZpLZ3yi.js                        11.66 kB │ gzip:   4.21 kB
dist.storage-build-6e55dbc5-9361-4586-9855-85f46af72542/assets/TapeArchive-OKb9kFqf.js                              13.88 kB │ gzip:   4.73 kB
dist.storage-build-6e55dbc5-9361-4586-9855-85f46af72542/assets/PreloadScene-iHkz9Lbr.js                             14.14 kB │ gzip:   3.44 kB
dist.storage-build-6e55dbc5-9361-4586-9855-85f46af72542/assets/VRNinjaScene-C_mPlCAZ.js                             14.67 kB │ gzip:   5.20 kB
dist.storage-build-6e55dbc5-9361-4586-9855-85f46af72542/assets/mgs1VrGameplayAssetRegistry-D71xSYjz.js              15.57 kB │ gzip:   2.61 kB
dist.storage-build-6e55dbc5-9361-4586-9855-85f46af72542/assets/directorStorage-DNuJ-wqr.js                          16.41 kB │ gzip:   5.20 kB
dist.storage-build-6e55dbc5-9361-4586-9855-85f46af72542/assets/tauri-runtime-DPZCZoW0.js                            16.51 kB │ gzip:   4.16 kB
dist.storage-build-6e55dbc5-9361-4586-9855-85f46af72542/assets/SideOpsLauncher-Dfxabqeo.js                          17.03 kB │ gzip:   5.90 kB
dist.storage-build-6e55dbc5-9361-4586-9855-85f46af72542/assets/ConversationStudio-C5c0kOYu.js                       17.53 kB │ gzip:   5.20 kB
dist.storage-build-6e55dbc5-9361-4586-9855-85f46af72542/assets/CodecDirector-DvK9uh4X.js                            19.60 kB │ gzip:   5.25 kB
dist.storage-build-6e55dbc5-9361-4586-9855-85f46af72542/assets/MissionBuilder-CObcJZIy.js                           20.00 kB │ gzip:   6.20 kB
dist.storage-build-6e55dbc5-9361-4586-9855-85f46af72542/assets/mgs1VrEnvironmentRegistry-DOPKrNHs.js                21.15 kB │ gzip:   3.75 kB
dist.storage-build-6e55dbc5-9361-4586-9855-85f46af72542/assets/VRMysteryScene-0an8kotT.js                           22.85 kB │ gzip:   7.42 kB
dist.storage-build-6e55dbc5-9361-4586-9855-85f46af72542/assets/SettingsScreen-DPXSpgBq.js                           23.33 kB │ gzip:   6.83 kB
dist.storage-build-6e55dbc5-9361-4586-9855-85f46af72542/assets/CampaignOps-D0PvxX8C.js                              24.03 kB │ gzip:   7.18 kB
dist.storage-build-6e55dbc5-9361-4586-9855-85f46af72542/assets/eraCharacterArchive-Dm9iJGyX.js                      24.96 kB │ gzip:   3.75 kB
dist.storage-build-6e55dbc5-9361-4586-9855-85f46af72542/assets/VRMissionsScreen-vA9g2gh9.js                         26.19 kB │ gzip:   7.62 kB
dist.storage-build-6e55dbc5-9361-4586-9855-85f46af72542/assets/VRMinuteBattleScene-snseQQ_r.js                      26.37 kB │ gzip:   8.52 kB
dist.storage-build-6e55dbc5-9361-4586-9855-85f46af72542/assets/VRVs12BattleScene-CbXqhLnE.js                        28.67 kB │ gzip:   9.06 kB
dist.storage-build-6e55dbc5-9361-4586-9855-85f46af72542/assets/VRTrainingScene-BeFPSAl2.js                          34.30 kB │ gzip:  10.61 kB
dist.storage-build-6e55dbc5-9361-4586-9855-85f46af72542/assets/index-DJPVorwh.js                                    36.36 kB │ gzip:  12.77 kB
dist.storage-build-6e55dbc5-9361-4586-9855-85f46af72542/assets/LoreDatabase-DeUS77JY.js                             37.10 kB │ gzip:  11.49 kB
dist.storage-build-6e55dbc5-9361-4586-9855-85f46af72542/assets/CampaignBuilder-CKKMmJ8m.js                          39.07 kB │ gzip:   8.39 kB
dist.storage-build-6e55dbc5-9361-4586-9855-85f46af72542/assets/Mgs1ShadowMosesScene-Da9kmFYu.js                     39.38 kB │ gzip:  12.04 kB
dist.storage-build-6e55dbc5-9361-4586-9855-85f46af72542/assets/Mg1OuterHeavenScene-Cehbshwm.js                      43.67 kB │ gzip:  13.10 kB
dist.storage-build-6e55dbc5-9361-4586-9855-85f46af72542/assets/codecAssetEngine-CMO0OEnI.js                         44.47 kB │ gzip:  11.31 kB
dist.storage-build-6e55dbc5-9361-4586-9855-85f46af72542/assets/contacts-CtzfMWRc.js                                 53.91 kB │ gzip:   8.64 kB
dist.storage-build-6e55dbc5-9361-4586-9855-85f46af72542/assets/campaignStorage-KxtW6ORP.js                          68.15 kB │ gzip:  21.37 kB
dist.storage-build-6e55dbc5-9361-4586-9855-85f46af72542/assets/missionBuilderStorage-BicvlU_C.js                    71.16 kB │ gzip:  15.42 kB
dist.storage-build-6e55dbc5-9361-4586-9855-85f46af72542/assets/SideOpsScene-utDyC2Ah.js                             73.41 kB │ gzip:  20.49 kB
dist.storage-build-6e55dbc5-9361-4586-9855-85f46af72542/assets/campaignBuilderStorage-29LICPPs.js                  122.79 kB │ gzip:  29.41 kB
dist.storage-build-6e55dbc5-9361-4586-9855-85f46af72542/assets/react-core-BaEmuX5g.js                              142.94 kB │ gzip:  45.79 kB
dist.storage-build-6e55dbc5-9361-4586-9855-85f46af72542/assets/CodecScreen-DImblR2n.js                             201.01 kB │ gzip:  53.76 kB
dist.storage-build-6e55dbc5-9361-4586-9855-85f46af72542/assets/studioStorage-DLyQt52o.js                           262.19 kB │ gzip:  41.05 kB
dist.storage-build-6e55dbc5-9361-4586-9855-85f46af72542/assets/phaser-engine-qJGN15df.js                         1,482.15 kB │ gzip: 340.02 kB
✓ built in 26.88s

PWA v1.3.0
mode      generateSW
precache  1267 entries (54438.51 KiB)
files generated
  dist.storage-build-6e55dbc5-9361-4586-9855-85f46af72542/sw.js
  dist.storage-build-6e55dbc5-9361-4586-9855-85f46af72542/workbox-9504f110.js
{"status":"passed","receipt":"/workspace/cqc-pass8-storage-tools/root-build-evidence/receipt-1956f5fd-15ea-4b3c-88f6-11666cf95ed4.json","publicFiles":2156,"preservedBackup":"/workspace/cqc-pass8-storage-tools/root-build-backups/dist-96ad7cb8-eeb4-4064-bbcb-e59fd5c6bbe6"}
