{"stage": "preflight-passed", "changes": 58, "uniqueBlobs": 58, "execute": true}
{"stage": "verified-blob", "path": "public/cqc/assets/combat-sprites-pass20-boxes/box-tank-pw/left-recovery-v1.png", "bytes": 2312538}
{"stage": "verified-blob", "path": "public/cqc/assets/combat-sprites-pass20-boxes/box-tank-pw/right-cannon-v1.png", "bytes": 2271072}
{"stage": "verified-blob", "path": "public/cqc/assets/combat-sprites-pass20-boxes/box-tank-pw/right-combat-v1.png", "bytes": 2236065}
{"stage": "verified-blob", "path": "public/cqc/assets/combat-sprites-pass20-boxes/box-tank-pw/right-movement-v1.png", "bytes": 2261909}
{"stage": "verified-blob", "path": "public/cqc/assets/combat-sprites-pass20-boxes/box-tank-pw/right-recovery-v1.png", "bytes": 2248837}
{"stage": "verified-blob", "path": "public/cqc/assets/combat-sprites-pass20-roster/pass19__mastiff_mgr/left-v1.png", "bytes": 1591663}
{"stage": "verified-blob", "path": "public/cqc/assets/combat-sprites-pass20-roster/pass19__mastiff_mgr/right-v1.png", "bytes": 1731874}
{"stage": "verified-blob", "path": "public/cqc/assets/combat-sprites-pass20-roster/pass19__slider_mgr/left-v1.png", "bytes": 2178296}
{"stage": "verified-blob", "path": "public/cqc/assets/combat-sprites-pass20-roster/pass19__slider_mgr/right-v1.png", "bytes": 2181860}
{"stage": "verified-blob", "path": "public/cqc/modules/core-v032.html", "bytes": 1552167}
{"stage": "verified-blob", "path": "public/cqc/modules/unified-versus-v055.html", "bytes": 3479707}
{"stage": "verified-blob", "path": "public/cqc/runtime-manifest.json", "bytes": 874851}
{"stage": "verified-blob", "path": "public/cqc/src/cqc-pass17-costumes.js", "bytes": 4905}
{"stage": "verified-blob", "path": "public/cqc/src/cqc-pass19-canonical-appearances.js", "bytes": 146709}
{"stage": "verified-blob", "path": "public/cqc/src/cqc-pass19-costumes.js", "bytes": 14921}
{"stage": "verified-blob", "path": "public/cqc/src/cqc-pass19-machine-costume-routing.js", "bytes": 5422}
{"stage": "verified-blob", "path": "public/cqc/src/cqc-pass19-machine-pixel-style.js", "bytes": 7687}
{"stage": "verified-blob", "path": "public/cqc/src/cqc-pass19-native-origins.js", "bytes": 2651}
{"stage": "verified-blob", "path": "public/cqc/src/cqc-pass19-native-wardrobe-library.js", "bytes": 32674}
{"stage": "verified-blob", "path": "public/cqc/src/cqc-pass19-retro-presentations.js", "bytes": 1503}
{"stage": "verified-blob", "path": "public/cqc/src/cqc-pass20-box-cannon-anchors.js", "bytes": 5965}
{"stage": "verified-blob", "path": "public/cqc/src/cqc-pass20-costume-native-origins.js", "bytes": 11288}
{"stage": "verified-blob", "path": "public/cqc/src/cqc-pass20-mechanical-costumes.js", "bytes": 1343110}
{"stage": "verified-blob", "path": "public/cqc/src/cqc-pass20-native-retro-costumes.js", "bytes": 744226}
{"stage": "verified-blob", "path": "public/cqc/src/cqc-pass20-pw-box-corrections.js", "bytes": 83326}
{"stage": "verified-blob", "path": "public/cqc/src/cqc-pass20-roster-anchors.js", "bytes": 2913}
{"stage": "verified-blob", "path": "public/cqc/src/cqc-pass20-roster-native.js", "bytes": 6018}
{"stage": "verified-blob", "path": "public/cqc/src/cqc-pass20-roster-sprite-catalog.js", "bytes": 326331}
{"stage": "verified-blob", "path": "public/cqc/src/cqc-sprite-renderer.js", "bytes": 39431}
{"stage": "published", "commit": "30f4c4bc6321dc5ff6109395ef0a7a16bf99c652", "tree": "a853d39a6e2a5c23308f237c00f79be45bab2f92", "files": 11568}
