✔ current catalog contains exactly 39 independent sets and precisely thirteen confirmed new UIDs (723.301361ms)
✔ all 26 earlier native entries remain structurally exact including their 156 PNG hashes (327.014815ms)
✔ 39 native sets retain 234 distinct RGBA PNGs and 2,808 independent source poses (142.979538ms)
✔ 354 historical roster/profile identities and 1,416 source finishers retain their original data (11.048023ms)
✔ PASS8 helpers affect precisely thirteen incarnations and leave all other 341 profiles intact (16.642877ms)
✔ core__laughing_octopus: six unchanged producer sources retain independent right/left sheets and 72 crops (30.366337ms)
✔ core__laughing_octopus: all ten authored slots and seven states select valid native phases in both facings (0.957946ms)
✔ core__laughing_octopus: integration approval matches the shipped entry, six true native dimensions and measured scales (17.226187ms)
✔ core__laughing_octopus: physically viewed original references remain byte-exact, within 15 MiB, and declare fidelity limits (1.306591ms)
✔ core__laughing_octopus: four finisher adaptations retain commands/durations and select real native phases without new canon claims (8.566308ms)
✔ archive__laughing_beauty: six unchanged producer sources retain independent right/left sheets and 72 crops (19.836045ms)
✔ archive__laughing_beauty: all ten authored slots and seven states select valid native phases in both facings (0.399183ms)
✔ archive__laughing_beauty: integration approval matches the shipped entry, six true native dimensions and measured scales (4.713174ms)
✔ archive__laughing_beauty: physically viewed original references remain byte-exact, within 15 MiB, and declare fidelity limits (0.715841ms)
✔ archive__laughing_beauty: four finisher adaptations retain commands/durations and select real native phases without new canon claims (7.060295ms)
✔ core__raging_raven: six unchanged producer sources retain independent right/left sheets and 72 crops (27.703388ms)
✔ core__raging_raven: all ten authored slots and seven states select valid native phases in both facings (0.270258ms)
✔ core__raging_raven: integration approval matches the shipped entry, six true native dimensions and measured scales (20.62711ms)
✔ core__raging_raven: physically viewed original references remain byte-exact, within 15 MiB, and declare fidelity limits (3.513081ms)
✔ core__raging_raven: four finisher adaptations retain commands/durations and select real native phases without new canon claims (13.468296ms)
✔ archive__raging_beauty: six unchanged producer sources retain independent right/left sheets and 72 crops (20.320096ms)
✔ archive__raging_beauty: all ten authored slots and seven states select valid native phases in both facings (0.308907ms)
✔ archive__raging_beauty: integration approval matches the shipped entry, six true native dimensions and measured scales (12.488497ms)
✔ archive__raging_beauty: physically viewed original references remain byte-exact, within 15 MiB, and declare fidelity limits (3.589497ms)
✔ archive__raging_beauty: four finisher adaptations retain commands/durations and select real native phases without new canon claims (7.310092ms)
✔ core__crying_wolf: six unchanged producer sources retain independent right/left sheets and 72 crops (22.677503ms)
✔ core__crying_wolf: all ten authored slots and seven states select valid native phases in both facings (0.323979ms)
✖ core__crying_wolf: integration approval matches the shipped entry, six true native dimensions and measured scales (55.20938ms)
✔ core__crying_wolf: physically viewed original references remain byte-exact, within 15 MiB, and declare fidelity limits (2.711702ms)
✔ core__crying_wolf: four finisher adaptations retain commands/durations and select real native phases without new canon claims (7.531977ms)
✔ archive__crying_beauty: six unchanged producer sources retain independent right/left sheets and 72 crops (15.543859ms)
✔ archive__crying_beauty: all ten authored slots and seven states select valid native phases in both facings (0.292161ms)
✔ archive__crying_beauty: integration approval matches the shipped entry, six true native dimensions and measured scales (2.638111ms)
✔ archive__crying_beauty: physically viewed original references remain byte-exact, within 15 MiB, and declare fidelity limits (2.488906ms)
✔ archive__crying_beauty: four finisher adaptations retain commands/durations and select real native phases without new canon claims (7.192465ms)
✔ core__screaming_mantis: six unchanged producer sources retain independent right/left sheets and 72 crops (25.624161ms)
✔ core__screaming_mantis: all ten authored slots and seven states select valid native phases in both facings (0.351761ms)
✔ core__screaming_mantis: integration approval matches the shipped entry, six true native dimensions and measured scales (7.457444ms)
✔ core__screaming_mantis: physically viewed original references remain byte-exact, within 15 MiB, and declare fidelity limits (0.645935ms)
✔ core__screaming_mantis: four finisher adaptations retain commands/durations and select real native phases without new canon claims (6.922217ms)
✔ archive__screaming_beauty: six unchanged producer sources retain independent right/left sheets and 72 crops (24.272531ms)
✔ archive__screaming_beauty: all ten authored slots and seven states select valid native phases in both facings (0.469669ms)
✔ archive__screaming_beauty: integration approval matches the shipped entry, six true native dimensions and measured scales (11.659947ms)
✔ archive__screaming_beauty: physically viewed original references remain byte-exact, within 15 MiB, and declare fidelity limits (1.057375ms)
✔ archive__screaming_beauty: four finisher adaptations retain commands/durations and select real native phases without new canon claims (12.427796ms)
✔ roster50__sunny_mgs4: six unchanged producer sources retain independent right/left sheets and 72 crops (20.055787ms)
✔ roster50__sunny_mgs4: all ten authored slots and seven states select valid native phases in both facings (0.166882ms)
✔ roster50__sunny_mgs4: integration approval matches the shipped entry, six true native dimensions and measured scales (1.649881ms)
✔ roster50__sunny_mgs4: physically viewed original references remain byte-exact, within 15 MiB, and declare fidelity limits (3.134761ms)
✔ roster50__sunny_mgs4: four finisher adaptations retain commands/durations and select real native phases without new canon claims (7.330884ms)
✔ roster50__sunny_mgr: six unchanged producer sources retain independent right/left sheets and 72 crops (23.029345ms)
✔ roster50__sunny_mgr: all ten authored slots and seven states select valid native phases in both facings (0.259421ms)
✔ roster50__sunny_mgr: integration approval matches the shipped entry, six true native dimensions and measured scales (5.462313ms)
✔ roster50__sunny_mgr: physically viewed original references remain byte-exact, within 15 MiB, and declare fidelity limits (4.913806ms)
✔ roster50__sunny_mgr: four finisher adaptations retain commands/durations and select real native phases without new canon claims (10.566126ms)
✔ archive__paz: six unchanged producer sources retain independent right/left sheets and 72 crops (19.978531ms)
✔ archive__paz: all ten authored slots and seven states select valid native phases in both facings (0.436248ms)
✔ archive__paz: integration approval matches the shipped entry, six true native dimensions and measured scales (13.367454ms)
✔ archive__paz: physically viewed original references remain byte-exact, within 15 MiB, and declare fidelity limits (2.052187ms)
✔ archive__paz: four finisher adaptations retain commands/durations and select real native phases without new canon claims (8.115728ms)
✔ npc53__paz_gz: six unchanged producer sources retain independent right/left sheets and 72 crops (20.471615ms)
✔ npc53__paz_gz: all ten authored slots and seven states select valid native phases in both facings (0.222956ms)
✔ npc53__paz_gz: integration approval matches the shipped entry, six true native dimensions and measured scales (4.659471ms)
✔ npc53__paz_gz: physically viewed original references remain byte-exact, within 15 MiB, and declare fidelity limits (3.793655ms)
✔ npc53__paz_gz: four finisher adaptations retain commands/durations and select real native phases without new canon claims (7.05699ms)
✔ core__eva_mgs3: six unchanged producer sources retain independent right/left sheets and 72 crops (23.077237ms)
✔ core__eva_mgs3: all ten authored slots and seven states select valid native phases in both facings (0.193993ms)
✔ core__eva_mgs3: integration approval matches the shipped entry, six true native dimensions and measured scales (15.495856ms)
✔ core__eva_mgs3: physically viewed original references remain byte-exact, within 15 MiB, and declare fidelity limits (1.064777ms)
✔ core__eva_mgs3: four finisher adaptations retain commands/durations and select real native phases without new canon claims (11.535789ms)
✔ Beauty and narrative support versions inherit no Beast weapons, native muzzle marks or ballistic move kinds (0.442388ms)
✔ exact-incarnation routing keeps Sunny MGS4 and MGR separate and rejects cross-UID substitution (0.459604ms)
✔ both Sunny hurtboxes use their child body height and preserve a real grounded crouch collision body (0.697863ms)
✔ roster50__sunny_mgs4: all ten simulated slots activate without any unsupported projectile, mine, healing or magic (19.138343ms)
✔ roster50__sunny_mgs4: support recovery spends actual concentration, activates once and cannot restore an interrupted preparation (0.618463ms)
✔ roster50__sunny_mgs4: observation cannot mark a cloaked or out-of-range opponent and records only a visible sample (1.112119ms)
✔ roster50__sunny_mgr: all ten simulated slots activate without any unsupported projectile, mine, healing or magic (7.065213ms)
✔ roster50__sunny_mgr: support recovery spends actual concentration, activates once and cannot restore an interrupted preparation (0.177868ms)
✔ roster50__sunny_mgr: observation cannot mark a cloaked or out-of-range opponent and records only a visible sample (0.270699ms)
✔ archive__paz: all ten simulated slots activate without any unsupported projectile, mine, healing or magic (6.807804ms)
✔ archive__paz: support recovery spends actual concentration, activates once and cannot restore an interrupted preparation (0.261134ms)
✔ archive__paz: observation cannot mark a cloaked or out-of-range opponent and records only a visible sample (0.323488ms)
✔ npc53__paz_gz: all ten simulated slots activate without any unsupported projectile, mine, healing or magic (6.881871ms)
✔ npc53__paz_gz: support recovery spends actual concentration, activates once and cannot restore an interrupted preparation (0.196907ms)
✔ npc53__paz_gz: observation cannot mark a cloaked or out-of-range opponent and records only a visible sample (0.319062ms)
✔ native firearm marks bind file/SHA/crop/pivot/scale; fourteen active marks and two preserved inactive Wolf marks stay distinct (0.998577ms)
✔ final HTML loads the PASS8 helper, native origins and separate body-hook engine without replacing the old inline physics (8.673691ms)
ℹ tests 87
ℹ suites 0
ℹ pass 86
ℹ fail 1
ℹ cancelled 0
ℹ skipped 0
ℹ todo 0
ℹ duration_ms 1909.049358

✖ failing tests:

test at ../../cqc-pass8-final-qa-tools/test_live_catalog_pass8.cjs:83:3
✖ core__crying_wolf: integration approval matches the shipped entry, six true native dimensions and measured scales (55.20938ms)
  AssertionError [ERR_ASSERTION]: Expected values to be strictly deep-equal:
  + actual - expected
  
    {
      actionMap: {
        heavy: 'heavy',
        light: 'punch',
        low: 'low',
        special: 'shoot',
        specialBack: 'walk',
  +     specialDown: 'deploy',
  -     specialDown: 'heavy',
        specialForward: 'jump',
        super: 'charge',
        throw: 'throw',
        utility: 'recover'
      },
  
      at TestContext.<anonymous> (/workspace/cqc-pass8-final-qa-tools/test_live_catalog_pass8.cjs:85:12)
      at Test.runInAsyncScope (node:async_hooks:227:14)
      at Test.run (node:internal/test_runner/test:1382:25)
      at Test.processPendingSubtests (node:internal/test_runner/test:960:18)
      at Test.postRun (node:internal/test_runner/test:1522:19)
      at Test.run (node:internal/test_runner/test:1447:12)
      at async Test.processPendingSubtests (node:internal/test_runner/test:960:7) {
    generatedMessage: true,
    code: 'ERR_ASSERTION',
    actual: [Object],
    expected: [Object],
    operator: 'deepStrictEqual',
    diff: 'simple'
  }
