✔ current catalog contains exactly 39 independent sets and precisely thirteen confirmed new UIDs (702.154902ms)
✔ all 26 earlier native entries remain structurally exact including their 156 PNG hashes (311.614943ms)
✔ 39 native sets retain 234 distinct RGBA PNGs and 2,808 independent source poses (115.583164ms)
✔ 354 historical roster/profile identities and 1,416 source finishers retain their original data (11.277892ms)
✔ PASS8 helpers affect precisely thirteen incarnations and leave all other 341 profiles intact (22.198746ms)
✔ core__laughing_octopus: six unchanged producer sources retain independent right/left sheets and 72 crops (27.88661ms)
✔ core__laughing_octopus: all ten authored slots and seven states select valid native phases in both facings (0.892888ms)
✔ core__laughing_octopus: integration approval matches the shipped entry, six true native dimensions and measured scales (8.688704ms)
✔ core__laughing_octopus: physically viewed original references remain byte-exact, within 15 MiB, and declare fidelity limits (1.324229ms)
✔ core__laughing_octopus: four finisher adaptations retain commands/durations and select real native phases without new canon claims (9.073845ms)
✔ archive__laughing_beauty: six unchanged producer sources retain independent right/left sheets and 72 crops (20.299238ms)
✔ archive__laughing_beauty: all ten authored slots and seven states select valid native phases in both facings (0.361725ms)
✔ archive__laughing_beauty: integration approval matches the shipped entry, six true native dimensions and measured scales (4.372861ms)
✔ archive__laughing_beauty: physically viewed original references remain byte-exact, within 15 MiB, and declare fidelity limits (0.710362ms)
✔ archive__laughing_beauty: four finisher adaptations retain commands/durations and select real native phases without new canon claims (7.240558ms)
✔ core__raging_raven: six unchanged producer sources retain independent right/left sheets and 72 crops (30.962053ms)
✔ core__raging_raven: all ten authored slots and seven states select valid native phases in both facings (0.476839ms)
✔ core__raging_raven: integration approval matches the shipped entry, six true native dimensions and measured scales (23.941486ms)
✔ core__raging_raven: physically viewed original references remain byte-exact, within 15 MiB, and declare fidelity limits (3.582707ms)
✔ core__raging_raven: four finisher adaptations retain commands/durations and select real native phases without new canon claims (7.260819ms)
✔ archive__raging_beauty: six unchanged producer sources retain independent right/left sheets and 72 crops (20.069391ms)
✔ archive__raging_beauty: all ten authored slots and seven states select valid native phases in both facings (0.293172ms)
✔ archive__raging_beauty: integration approval matches the shipped entry, six true native dimensions and measured scales (12.320066ms)
✔ archive__raging_beauty: physically viewed original references remain byte-exact, within 15 MiB, and declare fidelity limits (3.759364ms)
✔ archive__raging_beauty: four finisher adaptations retain commands/durations and select real native phases without new canon claims (7.203642ms)
✔ core__crying_wolf: six unchanged producer sources retain independent right/left sheets and 72 crops (23.854474ms)
✔ core__crying_wolf: all ten authored slots and seven states select valid native phases in both facings (0.352352ms)
✔ core__crying_wolf: integration approval matches the shipped entry, six true native dimensions and measured scales (8.958512ms)
✔ core__crying_wolf: physically viewed original references remain byte-exact, within 15 MiB, and declare fidelity limits (2.60419ms)
✔ core__crying_wolf: four finisher adaptations retain commands/durations and select real native phases without new canon claims (8.389933ms)
✔ archive__crying_beauty: six unchanged producer sources retain independent right/left sheets and 72 crops (17.197357ms)
✔ archive__crying_beauty: all ten authored slots and seven states select valid native phases in both facings (0.22581ms)
✔ archive__crying_beauty: integration approval matches the shipped entry, six true native dimensions and measured scales (2.722569ms)
✔ archive__crying_beauty: physically viewed original references remain byte-exact, within 15 MiB, and declare fidelity limits (2.473714ms)
✔ archive__crying_beauty: four finisher adaptations retain commands/durations and select real native phases without new canon claims (6.715626ms)
✔ core__screaming_mantis: six unchanged producer sources retain independent right/left sheets and 72 crops (25.058712ms)
✔ core__screaming_mantis: all ten authored slots and seven states select valid native phases in both facings (0.623892ms)
✔ core__screaming_mantis: integration approval matches the shipped entry, six true native dimensions and measured scales (7.485017ms)
✔ core__screaming_mantis: physically viewed original references remain byte-exact, within 15 MiB, and declare fidelity limits (0.64284ms)
✔ core__screaming_mantis: four finisher adaptations retain commands/durations and select real native phases without new canon claims (6.55987ms)
✔ archive__screaming_beauty: six unchanged producer sources retain independent right/left sheets and 72 crops (23.234469ms)
✔ archive__screaming_beauty: all ten authored slots and seven states select valid native phases in both facings (0.31123ms)
✔ archive__screaming_beauty: integration approval matches the shipped entry, six true native dimensions and measured scales (9.826481ms)
✔ archive__screaming_beauty: physically viewed original references remain byte-exact, within 15 MiB, and declare fidelity limits (0.755621ms)
✔ archive__screaming_beauty: four finisher adaptations retain commands/durations and select real native phases without new canon claims (8.280288ms)
✔ roster50__sunny_mgs4: six unchanged producer sources retain independent right/left sheets and 72 crops (26.885699ms)
✔ roster50__sunny_mgs4: all ten authored slots and seven states select valid native phases in both facings (0.181534ms)
✔ roster50__sunny_mgs4: integration approval matches the shipped entry, six true native dimensions and measured scales (1.580686ms)
✔ roster50__sunny_mgs4: physically viewed original references remain byte-exact, within 15 MiB, and declare fidelity limits (3.042843ms)
✔ roster50__sunny_mgs4: four finisher adaptations retain commands/durations and select real native phases without new canon claims (6.708856ms)
✔ roster50__sunny_mgr: six unchanged producer sources retain independent right/left sheets and 72 crops (23.975096ms)
✔ roster50__sunny_mgr: all ten authored slots and seven states select valid native phases in both facings (0.23214ms)
✔ roster50__sunny_mgr: integration approval matches the shipped entry, six true native dimensions and measured scales (5.676829ms)
✔ roster50__sunny_mgr: physically viewed original references remain byte-exact, within 15 MiB, and declare fidelity limits (3.78313ms)
✔ roster50__sunny_mgr: four finisher adaptations retain commands/durations and select real native phases without new canon claims (6.758871ms)
✔ archive__paz: six unchanged producer sources retain independent right/left sheets and 72 crops (19.765033ms)
✔ archive__paz: all ten authored slots and seven states select valid native phases in both facings (0.369768ms)
✔ archive__paz: integration approval matches the shipped entry, six true native dimensions and measured scales (4.460903ms)
✔ archive__paz: physically viewed original references remain byte-exact, within 15 MiB, and declare fidelity limits (2.455866ms)
✔ archive__paz: four finisher adaptations retain commands/durations and select real native phases without new canon claims (8.892873ms)
✔ npc53__paz_gz: six unchanged producer sources retain independent right/left sheets and 72 crops (25.75265ms)
✔ npc53__paz_gz: all ten authored slots and seven states select valid native phases in both facings (0.196457ms)
✔ npc53__paz_gz: integration approval matches the shipped entry, six true native dimensions and measured scales (4.593664ms)
✔ npc53__paz_gz: physically viewed original references remain byte-exact, within 15 MiB, and declare fidelity limits (3.713495ms)
✔ npc53__paz_gz: four finisher adaptations retain commands/durations and select real native phases without new canon claims (7.080036ms)
✔ core__eva_mgs3: six unchanged producer sources retain independent right/left sheets and 72 crops (23.017982ms)
✔ core__eva_mgs3: all ten authored slots and seven states select valid native phases in both facings (0.19153ms)
✔ core__eva_mgs3: integration approval matches the shipped entry, six true native dimensions and measured scales (6.807124ms)
✔ core__eva_mgs3: physically viewed original references remain byte-exact, within 15 MiB, and declare fidelity limits (0.871766ms)
✔ core__eva_mgs3: four finisher adaptations retain commands/durations and select real native phases without new canon claims (7.106736ms)
✔ Beauty and narrative support versions inherit no Beast weapons, native muzzle marks or ballistic move kinds (0.328586ms)
✔ exact-incarnation routing keeps Sunny MGS4 and MGR separate and rejects cross-UID substitution (0.363859ms)
✔ both Sunny hurtboxes use their child body height and preserve a real grounded crouch collision body (0.450861ms)
✔ roster50__sunny_mgs4: all ten simulated slots activate without any unsupported projectile, mine, healing or magic (9.455551ms)
✔ roster50__sunny_mgs4: support recovery spends actual concentration, activates once and cannot restore an interrupted preparation (0.288085ms)
✔ roster50__sunny_mgs4: observation cannot mark a cloaked or out-of-range opponent and records only a visible sample (0.737293ms)
✔ roster50__sunny_mgr: all ten simulated slots activate without any unsupported projectile, mine, healing or magic (5.955078ms)
✔ roster50__sunny_mgr: support recovery spends actual concentration, activates once and cannot restore an interrupted preparation (0.160783ms)
✔ roster50__sunny_mgr: observation cannot mark a cloaked or out-of-range opponent and records only a visible sample (0.284249ms)
✔ archive__paz: all ten simulated slots activate without any unsupported projectile, mine, healing or magic (5.879134ms)
✔ archive__paz: support recovery spends actual concentration, activates once and cannot restore an interrupted preparation (0.237108ms)
✔ archive__paz: observation cannot mark a cloaked or out-of-range opponent and records only a visible sample (0.270989ms)
✔ npc53__paz_gz: all ten simulated slots activate without any unsupported projectile, mine, healing or magic (5.976ms)
✔ npc53__paz_gz: support recovery spends actual concentration, activates once and cannot restore an interrupted preparation (0.210918ms)
✔ npc53__paz_gz: observation cannot mark a cloaked or out-of-range opponent and records only a visible sample (0.382337ms)
✔ native firearm marks bind file/SHA/crop/pivot/scale; fourteen active marks and two preserved inactive Wolf marks stay distinct (0.915792ms)
✔ final HTML loads the PASS8 helper, native origins and separate body-hook engine without replacing the old inline physics (5.074499ms)
ℹ tests 87
ℹ suites 0
ℹ pass 87
ℹ fail 0
ℹ cancelled 0
ℹ skipped 0
ℹ todo 0
ℹ duration_ms 1778.542023
