✔ the complete pinned PASS6 catalog backup retains its delivered bytes and all 22 existing entries (1967.152841ms)
✔ the shipped JSON and file:// JavaScript catalog expose the same 26 renderer-accepted entries (419.685833ms)
✔ all original 354 roster profiles and 1,416 finishers remain byte-exact source data (12.156646ms)
✔ the entire native catalog has 156 distinct native PNG paths and 1,872 independent source poses (78.074134ms)
✔ core__raven: six independent native sheets preserve 72 complete source-pose contracts without mirroring (189.196393ms)
✔ core__raven: all ten real move slots and seven states select reviewed frames in both facings (0.882812ms)
✔ core__raven: the imported entry exactly matches its physical integration approval and native source geometry (16.964772ms)
✔ core__raven: reviewed references retain exact provenance bytes and declare the limits of canonical fidelity (5.9443ms)
✔ core__old_snake: six independent native sheets preserve 72 complete source-pose contracts without mirroring (193.732408ms)
✔ core__old_snake: all ten real move slots and seven states select reviewed frames in both facings (0.499013ms)
✔ core__old_snake: the imported entry exactly matches its physical integration approval and native source geometry (17.780594ms)
✔ core__old_snake: reviewed references retain exact provenance bytes and declare the limits of canonical fidelity (10.685526ms)
✔ core__quiet: six independent native sheets preserve 72 complete source-pose contracts without mirroring (141.481675ms)
✔ core__quiet: all ten real move slots and seven states select reviewed frames in both facings (0.299673ms)
✔ core__quiet: the imported entry exactly matches its physical integration approval and native source geometry (15.381142ms)
✔ core__quiet: reviewed references retain exact provenance bytes and declare the limits of canonical fidelity (6.569244ms)
✔ archive__skull_face: six independent native sheets preserve 72 complete source-pose contracts without mirroring (171.134285ms)
✔ archive__skull_face: all ten real move slots and seven states select reviewed frames in both facings (0.407285ms)
✔ archive__skull_face: the imported entry exactly matches its physical integration approval and native source geometry (17.814094ms)
✔ archive__skull_face: reviewed references retain exact provenance bytes and declare the limits of canonical fidelity (5.648724ms)
✔ exact incarnation routing rejects different Raven, Old Snake, Quiet and Skull Face aliases (22.666747ms)
✖ all sixteen ballistic and launch marks bind to the first active native frame and both exact source facings (1.37191ms)
✔ a mismatched source SHA or frame cannot replace an authored fallback launch origin (260.459639ms)
✔ all sixteen adapted or simulated finishers select real native phases while preserving source commands and durations (17.529283ms)
ℹ tests 24
ℹ suites 0
ℹ pass 23
ℹ fail 1
ℹ cancelled 0
ℹ skipped 0
ℹ todo 0
ℹ duration_ms 3583.372075

✖ failing tests:

test at tests/test_combat_sprite_catalog_pass7.cjs:105:1
✖ all sixteen ballistic and launch marks bind to the first active native frame and both exact source facings (1.37191ms)
  Error: ENOENT: no such file or directory, open '/workspace/cqc-pass8-final-qa-tools/fixtures/pass7-26/src/cqc-pass7-native-origins.js'
      at Object.openSync (node:fs:622:18)
      at Object.readFileSync (node:fs:488:35)
      at read (/workspace/cqc-pass8-final-qa-tools/fixtures/pass7-26/tests/test_combat_sprite_catalog_pass7.cjs:4:49)
      at TestContext.<anonymous> (/workspace/cqc-pass8-final-qa-tools/fixtures/pass7-26/tests/test_combat_sprite_catalog_pass7.cjs:106:129)
      at Test.runInAsyncScope (node:async_hooks:227:14)
      at Test.run (node:internal/test_runner/test:1382:25)
      at Test.processPendingSubtests (node:internal/test_runner/test:960:18)
      at Test.postRun (node:internal/test_runner/test:1522:19)
      at Test.run (node:internal/test_runner/test:1447:12)
      at async Test.processPendingSubtests (node:internal/test_runner/test:960:7) {
    errno: -2,
    code: 'ENOENT',
    syscall: 'open',
    path: '/workspace/cqc-pass8-final-qa-tools/fixtures/pass7-26/src/cqc-pass7-native-origins.js'
  }
