✔ current catalog contains exactly 39 independent sets and precisely thirteen confirmed new UIDs (768.10127ms)
✔ all 26 earlier native entries remain structurally exact including their 156 PNG hashes (389.176182ms)
✔ 39 native sets retain 234 distinct RGBA PNGs and 2,808 independent source poses (129.447353ms)
✔ 354 historical roster/profile identities and 1,416 source finishers retain their original data (14.611781ms)
✔ PASS8 helpers affect precisely thirteen incarnations and leave all other 341 profiles intact (28.762826ms)
✔ core__laughing_octopus: six unchanged producer sources retain independent right/left sheets and 72 crops (28.281791ms)
✔ core__laughing_octopus: all ten authored slots and seven states select valid native phases in both facings (0.837414ms)
✔ core__laughing_octopus: integration approval matches the shipped entry, six true native dimensions and measured scales (10.149777ms)
✔ core__laughing_octopus: physically viewed original references remain byte-exact, within 15 MiB, and declare fidelity limits (1.103716ms)
✔ core__laughing_octopus: four finisher adaptations retain commands/durations and select real native phases without new canon claims (8.358635ms)
✔ archive__laughing_beauty: six unchanged producer sources retain independent right/left sheets and 72 crops (19.468631ms)
✔ archive__laughing_beauty: all ten authored slots and seven states select valid native phases in both facings (0.349217ms)
✔ archive__laughing_beauty: integration approval matches the shipped entry, six true native dimensions and measured scales (4.411498ms)
✔ archive__laughing_beauty: physically viewed original references remain byte-exact, within 15 MiB, and declare fidelity limits (0.706637ms)
✔ archive__laughing_beauty: four finisher adaptations retain commands/durations and select real native phases without new canon claims (6.315201ms)
✔ core__raging_raven: six unchanged producer sources retain independent right/left sheets and 72 crops (39.565309ms)
✖ core__raging_raven: all ten authored slots and seven states select valid native phases in both facings (1.522979ms)
✔ core__raging_raven: integration approval matches the shipped entry, six true native dimensions and measured scales (16.2411ms)
✔ core__raging_raven: physically viewed original references remain byte-exact, within 15 MiB, and declare fidelity limits (3.401494ms)
✔ core__raging_raven: four finisher adaptations retain commands/durations and select real native phases without new canon claims (7.440138ms)
✔ archive__raging_beauty: six unchanged producer sources retain independent right/left sheets and 72 crops (17.935627ms)
✔ archive__raging_beauty: all ten authored slots and seven states select valid native phases in both facings (0.29142ms)
✔ archive__raging_beauty: integration approval matches the shipped entry, six true native dimensions and measured scales (12.660777ms)
✔ archive__raging_beauty: physically viewed original references remain byte-exact, within 15 MiB, and declare fidelity limits (3.502585ms)
✔ archive__raging_beauty: four finisher adaptations retain commands/durations and select real native phases without new canon claims (6.439798ms)
✔ core__crying_wolf: six unchanged producer sources retain independent right/left sheets and 72 crops (24.825996ms)
✔ core__crying_wolf: all ten authored slots and seven states select valid native phases in both facings (0.445963ms)
✖ core__crying_wolf: integration approval matches the shipped entry, six true native dimensions and measured scales (60.006729ms)
✔ core__crying_wolf: physically viewed original references remain byte-exact, within 15 MiB, and declare fidelity limits (2.738403ms)
✔ core__crying_wolf: four finisher adaptations retain commands/durations and select real native phases without new canon claims (7.42116ms)
✔ archive__crying_beauty: six unchanged producer sources retain independent right/left sheets and 72 crops (11.719286ms)
✔ archive__crying_beauty: all ten authored slots and seven states select valid native phases in both facings (0.357089ms)
✔ archive__crying_beauty: integration approval matches the shipped entry, six true native dimensions and measured scales (2.63735ms)
✔ archive__crying_beauty: physically viewed original references remain byte-exact, within 15 MiB, and declare fidelity limits (2.519713ms)
✔ archive__crying_beauty: four finisher adaptations retain commands/durations and select real native phases without new canon claims (6.308901ms)
✔ core__screaming_mantis: six unchanged producer sources retain independent right/left sheets and 72 crops (29.10301ms)
✔ core__screaming_mantis: all ten authored slots and seven states select valid native phases in both facings (0.279031ms)
✔ core__screaming_mantis: integration approval matches the shipped entry, six true native dimensions and measured scales (7.863547ms)
✔ core__screaming_mantis: physically viewed original references remain byte-exact, within 15 MiB, and declare fidelity limits (0.665665ms)
✔ core__screaming_mantis: four finisher adaptations retain commands/durations and select real native phases without new canon claims (6.762035ms)
✔ archive__screaming_beauty: six unchanged producer sources retain independent right/left sheets and 72 crops (35.711314ms)
✔ archive__screaming_beauty: all ten authored slots and seven states select valid native phases in both facings (0.405592ms)
✔ archive__screaming_beauty: integration approval matches the shipped entry, six true native dimensions and measured scales (7.183531ms)
✔ archive__screaming_beauty: physically viewed original references remain byte-exact, within 15 MiB, and declare fidelity limits (0.468467ms)
✔ archive__screaming_beauty: four finisher adaptations retain commands/durations and select real native phases without new canon claims (7.579219ms)
✔ roster50__sunny_mgs4: six unchanged producer sources retain independent right/left sheets and 72 crops (18.591347ms)
✔ roster50__sunny_mgs4: all ten authored slots and seven states select valid native phases in both facings (0.279111ms)
✔ roster50__sunny_mgs4: integration approval matches the shipped entry, six true native dimensions and measured scales (1.552132ms)
✔ roster50__sunny_mgs4: physically viewed original references remain byte-exact, within 15 MiB, and declare fidelity limits (2.884984ms)
✔ roster50__sunny_mgs4: four finisher adaptations retain commands/durations and select real native phases without new canon claims (6.433098ms)
✔ roster50__sunny_mgr: six unchanged producer sources retain independent right/left sheets and 72 crops (22.223098ms)
✔ roster50__sunny_mgr: all ten authored slots and seven states select valid native phases in both facings (0.249206ms)
✔ roster50__sunny_mgr: integration approval matches the shipped entry, six true native dimensions and measured scales (5.498788ms)
✔ roster50__sunny_mgr: physically viewed original references remain byte-exact, within 15 MiB, and declare fidelity limits (4.6654ms)
✔ roster50__sunny_mgr: four finisher adaptations retain commands/durations and select real native phases without new canon claims (10.643873ms)
✔ archive__paz: six unchanged producer sources retain independent right/left sheets and 72 crops (25.35873ms)
✔ archive__paz: all ten authored slots and seven states select valid native phases in both facings (0.354194ms)
✔ archive__paz: integration approval matches the shipped entry, six true native dimensions and measured scales (2.918004ms)
✔ archive__paz: physically viewed original references remain byte-exact, within 15 MiB, and declare fidelity limits (1.758524ms)
✔ archive__paz: four finisher adaptations retain commands/durations and select real native phases without new canon claims (6.367309ms)
✔ npc53__paz_gz: six unchanged producer sources retain independent right/left sheets and 72 crops (20.247196ms)
✔ npc53__paz_gz: all ten authored slots and seven states select valid native phases in both facings (0.440755ms)
✔ npc53__paz_gz: integration approval matches the shipped entry, six true native dimensions and measured scales (4.301962ms)
✔ npc53__paz_gz: physically viewed original references remain byte-exact, within 15 MiB, and declare fidelity limits (3.572521ms)
✔ npc53__paz_gz: four finisher adaptations retain commands/durations and select real native phases without new canon claims (6.466069ms)
✔ core__eva_mgs3: six unchanged producer sources retain independent right/left sheets and 72 crops (25.139478ms)
✔ core__eva_mgs3: all ten authored slots and seven states select valid native phases in both facings (0.46413ms)
✔ core__eva_mgs3: integration approval matches the shipped entry, six true native dimensions and measured scales (13.342245ms)
✖ core__eva_mgs3: physically viewed original references remain byte-exact, within 15 MiB, and declare fidelity limits (0.812917ms)
✔ core__eva_mgs3: four finisher adaptations retain commands/durations and select real native phases without new canon claims (14.024716ms)
✔ Beauty and narrative support versions inherit no Beast weapons, native muzzle marks or ballistic move kinds (0.458422ms)
✔ exact-incarnation routing keeps Sunny MGS4 and MGR separate and rejects cross-UID substitution (0.43038ms)
✔ both Sunny hurtboxes use their child body height and preserve a real grounded crouch collision body (0.598072ms)
✔ roster50__sunny_mgs4: all ten simulated slots activate without any unsupported projectile, mine, healing or magic (12.522728ms)
✔ roster50__sunny_mgs4: support recovery spends actual concentration, activates once and cannot restore an interrupted preparation (0.316468ms)
✔ roster50__sunny_mgs4: observation cannot mark a cloaked or out-of-range opponent and records only a visible sample (0.666016ms)
✔ roster50__sunny_mgr: all ten simulated slots activate without any unsupported projectile, mine, healing or magic (6.032223ms)
✔ roster50__sunny_mgr: support recovery spends actual concentration, activates once and cannot restore an interrupted preparation (0.166291ms)
✔ roster50__sunny_mgr: observation cannot mark a cloaked or out-of-range opponent and records only a visible sample (0.256457ms)
✔ archive__paz: all ten simulated slots activate without any unsupported projectile, mine, healing or magic (7.067115ms)
✔ archive__paz: support recovery spends actual concentration, activates once and cannot restore an interrupted preparation (0.23229ms)
✔ archive__paz: observation cannot mark a cloaked or out-of-range opponent and records only a visible sample (0.320253ms)
✔ npc53__paz_gz: all ten simulated slots activate without any unsupported projectile, mine, healing or magic (6.323854ms)
✔ npc53__paz_gz: support recovery spends actual concentration, activates once and cannot restore an interrupted preparation (0.166181ms)
✔ npc53__paz_gz: observation cannot mark a cloaked or out-of-range opponent and records only a visible sample (0.332522ms)
✖ native first-active firearm marks bind file/SHA/crop/pivot/scale in both independent facings (4.039577ms)
✔ final HTML loads the PASS8 helper, native origins and separate body-hook engine without replacing the old inline physics (4.275844ms)
ℹ tests 87
ℹ suites 0
ℹ pass 83
ℹ fail 4
ℹ cancelled 0
ℹ skipped 0
ℹ todo 0
ℹ duration_ms 1990.196551

✖ failing tests:

test at ../../cqc-pass8-final-qa-tools/test_live_catalog_pass8.cjs:68:3
✖ core__raging_raven: all ten authored slots and seven states select valid native phases in both facings (1.522979ms)
  AssertionError [ERR_ASSERTION]: Expected values to be strictly equal:
  
  'jump' !== 'walk'
  
      at TestContext.<anonymous> (/workspace/cqc-pass8-final-qa-tools/test_live_catalog_pass8.cjs:75:112)
      at Test.runInAsyncScope (node:async_hooks:227:14)
      at Test.run (node:internal/test_runner/test:1382:25)
      at Test.processPendingSubtests (node:internal/test_runner/test:960:18)
      at Test.postRun (node:internal/test_runner/test:1522:19)
      at Test.run (node:internal/test_runner/test:1447:12)
      at async Test.processPendingSubtests (node:internal/test_runner/test:960:7) {
    generatedMessage: true,
    code: 'ERR_ASSERTION',
    actual: 'jump',
    expected: 'walk',
    operator: 'strictEqual',
    diff: 'simple'
  }

test at ../../cqc-pass8-final-qa-tools/test_live_catalog_pass8.cjs:79:3
✖ core__crying_wolf: integration approval matches the shipped entry, six true native dimensions and measured scales (60.006729ms)
  AssertionError [ERR_ASSERTION]: Expected values to be strictly deep-equal:
  + actual - expected
  
    {
      actionMap: {
        heavy: 'heavy',
        light: 'punch',
        low: 'low',
        special: 'shoot',
        specialBack: 'walk',
  +     specialDown: 'deploy',
  -     specialDown: 'heavy',
        specialForward: 'jump',
        super: 'charge',
        throw: 'throw',
        utility: 'recover'
      },
  
      at TestContext.<anonymous> (/workspace/cqc-pass8-final-qa-tools/test_live_catalog_pass8.cjs:81:12)
      at Test.runInAsyncScope (node:async_hooks:227:14)
      at Test.run (node:internal/test_runner/test:1382:25)
      at Test.processPendingSubtests (node:internal/test_runner/test:960:18)
      at Test.postRun (node:internal/test_runner/test:1522:19)
      at Test.run (node:internal/test_runner/test:1447:12)
      at async Test.processPendingSubtests (node:internal/test_runner/test:960:7) {
    generatedMessage: true,
    code: 'ERR_ASSERTION',
    actual: [Object],
    expected: [Object],
    operator: 'deepStrictEqual',
    diff: 'simple'
  }

test at ../../cqc-pass8-final-qa-tools/test_live_catalog_pass8.cjs:88:3
✖ core__eva_mgs3: physically viewed original references remain byte-exact, within 15 MiB, and declare fidelity limits (0.812917ms)
  AssertionError [ERR_ASSERTION]: Expected values to be strictly equal:
  
  false !== true
  
      at TestContext.<anonymous> (/workspace/cqc-pass8-final-qa-tools/test_live_catalog_pass8.cjs:93:152)
      at Test.runInAsyncScope (node:async_hooks:227:14)
      at Test.run (node:internal/test_runner/test:1382:25)
      at Test.processPendingSubtests (node:internal/test_runner/test:960:18)
      at Test.postRun (node:internal/test_runner/test:1522:19)
      at Test.run (node:internal/test_runner/test:1447:12)
      at async Test.processPendingSubtests (node:internal/test_runner/test:960:7) {
    generatedMessage: true,
    code: 'ERR_ASSERTION',
    actual: false,
    expected: true,
    operator: 'strictEqual',
    diff: 'simple'
  }

test at ../../cqc-pass8-final-qa-tools/test_live_catalog_pass8.cjs:146:1
✖ native first-active firearm marks bind file/SHA/crop/pivot/scale in both independent facings (4.039577ms)
  AssertionError [ERR_ASSERTION]: The expression evaluated to a falsy value:
  
    assert(slots?.length)
  
      at TestContext.<anonymous> (/workspace/cqc-pass8-final-qa-tools/test_live_catalog_pass8.cjs:149:64)
      at Test.runInAsyncScope (node:async_hooks:227:14)
      at Test.run (node:internal/test_runner/test:1382:25)
      at Test.processPendingSubtests (node:internal/test_runner/test:960:18)
      at Test.postRun (node:internal/test_runner/test:1522:19)
      at Test.run (node:internal/test_runner/test:1447:12)
      at async Test.processPendingSubtests (node:internal/test_runner/test:960:7) {
    generatedMessage: true,
    code: 'ERR_ASSERTION',
    actual: undefined,
    expected: true,
    operator: '==',
    diff: 'simple'
  }
